Archive member included to satisfy reference by file (symbol)

gen/libtflm.a(system_setup.o)
                              /var/folders/xv/rn_r_lr916x36f2_52bnd3lm0000gn/T//ccKHcUZL.o (tflite::InitializeTarget())
gen/libtflm.a(all_ops_resolver.o)
                              /var/folders/xv/rn_r_lr916x36f2_52bnd3lm0000gn/T//ccKHcUZL.o (tflite::AllOpsResolver::AllOpsResolver())
gen/libtflm.a(micro_error_reporter.o)
                              /var/folders/xv/rn_r_lr916x36f2_52bnd3lm0000gn/T//ccKHcUZL.o (vtable for tflite::MicroErrorReporter)
gen/libtflm.a(micro_string.o)
                              gen/libtflm.a(micro_error_reporter.o) (MicroVsnprintf)
gen/libtflm.a(micro_interpreter.o)
                              /var/folders/xv/rn_r_lr916x36f2_52bnd3lm0000gn/T//ccKHcUZL.o (tflite::MicroInterpreter::MicroInterpreter(tflite::Model const*, tflite::MicroOpResolver const&, unsigned char*, unsigned int, tflite::ErrorReporter*, tflite::MicroResourceVariables*, tflite::MicroProfiler*))
gen/libtflm.a(flatbuffer_utils.o)
                              gen/libtflm.a(micro_interpreter.o) (tflite::NumSubgraphOperators(tflite::SubGraph const*))
gen/libtflm.a(micro_allocator.o)
                              gen/libtflm.a(micro_interpreter.o) (tflite::MicroAllocator::Create(unsigned char*, unsigned int, tflite::ErrorReporter*))
gen/libtflm.a(memory_helpers.o)
                              gen/libtflm.a(micro_allocator.o) (tflite::AlignPointerUp(unsigned char*, unsigned int))
gen/libtflm.a(error_reporter.o)
                              /var/folders/xv/rn_r_lr916x36f2_52bnd3lm0000gn/T//ccKHcUZL.o (tflite::ErrorReporter::Report(char const*, ...))
gen/libtflm.a(flatbuffer_conversions.o)
                              gen/libtflm.a(micro_allocator.o) (tflite::ConvertTensorType(tflite::TensorType, TfLiteType*, tflite::ErrorReporter*))
gen/libtflm.a(op_resolver.o)  gen/libtflm.a(micro_interpreter.o) (tflite::GetRegistrationFromOpCode(tflite::OperatorCode const*, tflite::OpResolver const&, tflite::ErrorReporter*, TfLiteRegistration const**))
gen/libtflm.a(schema_utils.o)
                              gen/libtflm.a(micro_interpreter.o) (tflite::GetBuiltinCode(tflite::OperatorCode const*))
gen/libtflm.a(common.o)       gen/libtflm.a(micro_allocator.o) (TfLiteIntArrayGetSizeInBytes)
gen/libtflm.a(startup_gcc.o)  (Reset_Handler)
gen/libtflm.a(am_util_stdio.o)
                              gen/libtflm.a(system_setup.o) (am_util_stdio_printf)
gen/libtflm.a(am_devices_led.o)
                              /var/folders/xv/rn_r_lr916x36f2_52bnd3lm0000gn/T//ccnf9XUp.o (am_devices_led_array_init)
gen/libtflm.a(elu.o)          gen/libtflm.a(all_ops_resolver.o) (tflite::Register_ELU())
gen/libtflm.a(concatenation.o)
                              gen/libtflm.a(all_ops_resolver.o) (tflite::ops::micro::Register_CONCATENATION())
gen/libtflm.a(squeeze.o)      gen/libtflm.a(all_ops_resolver.o) (tflite::Register_SQUEEZE())
gen/libtflm.a(read_variable.o)
                              gen/libtflm.a(all_ops_resolver.o) (tflite::Register_READ_VARIABLE())
gen/libtflm.a(batch_to_space_nd.o)
                              gen/libtflm.a(all_ops_resolver.o) (tflite::Register_BATCH_TO_SPACE_ND())
gen/libtflm.a(cumsum.o)       gen/libtflm.a(all_ops_resolver.o) (tflite::Register_CUMSUM())
gen/libtflm.a(l2_pool_2d.o)   gen/libtflm.a(all_ops_resolver.o) (tflite::Register_L2_POOL_2D())
gen/libtflm.a(floor_mod.o)    gen/libtflm.a(all_ops_resolver.o) (tflite::Register_FLOOR_MOD())
gen/libtflm.a(if.o)           gen/libtflm.a(all_ops_resolver.o) (tflite::Register_IF())
gen/libtflm.a(exp.o)          gen/libtflm.a(all_ops_resolver.o) (tflite::Register_EXP())
gen/libtflm.a(space_to_batch_nd.o)
                              gen/libtflm.a(all_ops_resolver.o) (tflite::Register_SPACE_TO_BATCH_ND())
gen/libtflm.a(var_handle.o)   gen/libtflm.a(all_ops_resolver.o) (tflite::Register_VAR_HANDLE())
gen/libtflm.a(round.o)        gen/libtflm.a(all_ops_resolver.o) (tflite::ops::micro::Register_ROUND())
gen/libtflm.a(strided_slice.o)
                              gen/libtflm.a(all_ops_resolver.o) (tflite::ops::micro::Register_STRIDED_SLICE())
gen/libtflm.a(prelu.o)        gen/libtflm.a(all_ops_resolver.o) (tflite::Register_PRELU())
gen/libtflm.a(split.o)        gen/libtflm.a(all_ops_resolver.o) (tflite::ops::micro::Register_SPLIT())
gen/libtflm.a(transpose.o)    gen/libtflm.a(all_ops_resolver.o) (tflite::Register_TRANSPOSE())
gen/libtflm.a(assign_variable.o)
                              gen/libtflm.a(all_ops_resolver.o) (tflite::Register_ASSIGN_VARIABLE())
gen/libtflm.a(kernel_util.o)  gen/libtflm.a(elu.o) (tflite::micro::GetEvalInput(TfLiteContext const*, TfLiteNode const*, int))
gen/libtflm.a(expand_dims.o)  gen/libtflm.a(all_ops_resolver.o) (tflite::Register_EXPAND_DIMS())
gen/libtflm.a(transpose_conv.o)
                              gen/libtflm.a(all_ops_resolver.o) (tflite::Register_TRANSPOSE_CONV())
[...]
Memory Configuration

Name             Origin             Length             Attributes
FLASH            0x000000000000c000 0x00000000000f0000 xr
SRAM             0x0000000010000000 0x0000000000060000 xrw
*default*        0x0000000000000000 0xffffffffffffffff

Linker script and memory map

LOAD /var/folders/xv/rn_r_lr916x36f2_52bnd3lm0000gn/T//ccmu86qw.o
LOAD /var/folders/xv/rn_r_lr916x36f2_52bnd3lm0000gn/T//cc3Hjq5U.o
LOAD /var/folders/xv/rn_r_lr916x36f2_52bnd3lm0000gn/T//ccKHcUZL.o
LOAD /var/folders/xv/rn_r_lr916x36f2_52bnd3lm0000gn/T//ccNEGE6K.o
LOAD /var/folders/xv/rn_r_lr916x36f2_52bnd3lm0000gn/T//ccnf9XUp.o
LOAD gen/libtflm.a
START GROUP
LOAD /Users/thanawitthampakorn/Desktop/tinyML/tflite-micro-sparkfun-edge-examples/downloads/gcc_embedded/bin/../lib/gcc/arm-none-eabi/10.2.1/../../../../arm-none-eabi/lib/thumb/v7e-m+fp/hard/libm.a
LOAD /Users/thanawitthampakorn/Desktop/tinyML/tflite-micro-sparkfun-edge-examples/downloads/gcc_embedded/bin/../lib/gcc/arm-none-eabi/10.2.1/../../../../arm-none-eabi/lib/thumb/v7e-m+fp/hard/libc_nano.a
LOAD /Users/thanawitthampakorn/Desktop/tinyML/tflite-micro-sparkfun-edge-examples/downloads/gcc_embedded/bin/../lib/gcc/arm-none-eabi/10.2.1/thumb/v7e-m+fp/hard/libgcc.a
END GROUP
LOAD /Users/thanawitthampakorn/Desktop/tinyML/tflite-micro-sparkfun-edge-examples/downloads/gcc_embedded/bin/../lib/gcc/arm-none-eabi/10.2.1/../../../../arm-none-eabi/lib/thumb/v7e-m+fp/hard/libstdc++_nano.a
LOAD /Users/thanawitthampakorn/Desktop/tinyML/tflite-micro-sparkfun-edge-examples/downloads/gcc_embedded/bin/../lib/gcc/arm-none-eabi/10.2.1/../../../../arm-none-eabi/lib/thumb/v7e-m+fp/hard/libc_nano.a
LOAD /Users/thanawitthampakorn/Desktop/tinyML/tflite-micro-sparkfun-edge-examples/downloads/gcc_embedded/bin/../lib/gcc/arm-none-eabi/10.2.1/../../../../arm-none-eabi/lib/thumb/v7e-m+fp/hard/libnosys.a
LOAD /Users/thanawitthampakorn/Desktop/tinyML/tflite-micro-sparkfun-edge-examples/downloads/gcc_embedded/bin/../lib/gcc/arm-none-eabi/10.2.1/../../../../arm-none-eabi/lib/thumb/v7e-m+fp/hard/libm.a

.text           0x000000000000c000    0x4cb8c
                0x000000000000c000                . = ALIGN (0x4)
 *(.isr_vector)
 .isr_vector    0x000000000000c000       0xc0 gen/libtflm.a(startup_gcc.o)
                0x000000000000c000                g_am_pfnVectors
 *(.patch)
 .patch         0x000000000000c0c0       0x40 gen/libtflm.a(startup_gcc.o)
                0x000000000000c0c0                __Patchable
 *(.text)
 .text          0x000000000000c100       0x14 /Users/thanawitthampakorn/Desktop/tinyML/tflite-micro-sparkfun-edge-examples/downloads/gcc_embedded/bin/../lib/gcc/arm-none-eabi/10.2.1/../../../../arm-none-eabi/lib/thumb/v7e-m+fp/hard/libc_nano.a(lib_a-strcmp.o)
                0x000000000000c100                strcmp
 .text          0x000000000000c114      0x378 /Users/thanawitthampakorn/Desktop/tinyML/tflite-micro-sparkfun-edge-examples/downloads/gcc_embedded/bin/../lib/gcc/arm-none-eabi/10.2.1/thumb/v7e-m+fp/hard/libgcc.a(_arm_addsubdf3.o)
                0x000000000000c114                __aeabi_drsub
                0x000000000000c11c                __subdf3
                0x000000000000c11c                __aeabi_dsub
                0x000000000000c120                __aeabi_dadd
                0x000000000000c120                __adddf3
                0x000000000000c398                __aeabi_ui2d
                0x000000000000c398                __floatunsidf
                0x000000000000c3b8                __floatsidf
                0x000000000000c3b8                __aeabi_i2d
                0x000000000000c3dc                __extendsfdf2
                0x000000000000c3dc                __aeabi_f2d
                0x000000000000c420                __aeabi_ul2d
                0x000000000000c420                __floatundidf
                0x000000000000c430                __aeabi_l2d
                0x000000000000c430                __floatdidf
 .text          0x000000000000c48c      0x424 /Users/thanawitthampakorn/Desktop/tinyML/tflite-micro-sparkfun-edge-examples/downloads/gcc_embedded/bin/../lib/gcc/arm-none-eabi/10.2.1/thumb/v7e-m+fp/hard/libgcc.a(_arm_muldivdf3.o)
                0x000000000000c48c                __aeabi_dmul
                0x000000000000c48c                __muldf3
                0x000000000000c6e0                __aeabi_ddiv
                0x000000000000c6e0                __divdf3
 .text          0x000000000000c8b0      0x110 /Users/thanawitthampakorn/Desktop/tinyML/tflite-micro-sparkfun-edge-examples/downloads/gcc_embedded/bin/../lib/gcc/arm-none-eabi/10.2.1/thumb/v7e-m+fp/hard/libgcc.a(_arm_cmpdf2.o)
                0x000000000000c8b0                __gedf2
                0x000000000000c8b0                __gtdf2
                0x000000000000c8b8                __ledf2
                0x000000000000c8b8                __ltdf2
                0x000000000000c8c0                __cmpdf2
                0x000000000000c8c0                __eqdf2
                0x000000000000c8c0                __nedf2
                0x000000000000c93c                __aeabi_cdrcmple
                0x000000000000c94c                __aeabi_cdcmple
                0x000000000000c94c                __aeabi_cdcmpeq
                0x000000000000c95c                __aeabi_dcmpeq
                0x000000000000c970                __aeabi_dcmplt
                0x000000000000c984                __aeabi_dcmple
                0x000000000000c998                __aeabi_dcmpge
                0x000000000000c9ac                __aeabi_dcmpgt
 .text          0x000000000000c9c0       0x50 /Users/thanawitthampakorn/Desktop/tinyML/tflite-micro-sparkfun-edge-examples/downloads/gcc_embedded/bin/../lib/gcc/arm-none-eabi/10.2.1/thumb/v7e-m+fp/hard/libgcc.a(_arm_fixdfsi.o)
                0x000000000000c9c0                __fixdfsi
                0x000000000000c9c0                __aeabi_d2iz
 .text          0x000000000000ca10       0xa0 /Users/thanawitthampakorn/Desktop/tinyML/tflite-micro-sparkfun-edge-examples/downloads/gcc_embedded/bin/../lib/gcc/arm-none-eabi/10.2.1/thumb/v7e-m+fp/hard/libgcc.a(_arm_truncdfsf2.o)
                0x000000000000ca10                __aeabi_d2f
                0x000000000000ca10                __truncdfsf2
 .text          0x000000000000cab0       0x30 /Users/thanawitthampakorn/Desktop/tinyML/tflite-micro-sparkfun-edge-examples/downloads/gcc_embedded/bin/../lib/gcc/arm-none-eabi/10.2.1/thumb/v7e-m+fp/hard/libgcc.a(_aeabi_uldivmod.o)
                0x000000000000cab0                __aeabi_uldivmod
 .text          0x000000000000cae0       0x30 /Users/thanawitthampakorn/Desktop/tinyML/tflite-micro-sparkfun-edge-examples/downloads/gcc_embedded/bin/../lib/gcc/arm-none-eabi/10.2.1/thumb/v7e-m+fp/hard/libgcc.a(_fixdfdi.o)
                0x000000000000cae0                __aeabi_d2lz
                0x000000000000cae0                __fixdfdi
 .text          0x000000000000cb10       0x3c /Users/thanawitthampakorn/Desktop/tinyML/tflite-micro-sparkfun-edge-examples/downloads/gcc_embedded/bin/../lib/gcc/arm-none-eabi/10.2.1/thumb/v7e-m+fp/hard/libgcc.a(_fixunsdfdi.o)
                0x000000000000cb10                __aeabi_d2ulz
                0x000000000000cb10                __fixunsdfdi
 .text          0x000000000000cb4c      0x2d0 /Users/thanawitthampakorn/Desktop/tinyML/tflite-micro-sparkfun-edge-examples/downloads/gcc_embedded/bin/../lib/gcc/arm-none-eabi/10.2.1/thumb/v7e-m+fp/hard/libgcc.a(_udivmoddi4.o)
                0x000000000000cb4c                __udivmoddi4
 .text          0x000000000000ce1c        0x4 /Users/thanawitthampakorn/Desktop/tinyML/tflite-micro-sparkfun-edge-examples/downloads/gcc_embedded/bin/../lib/gcc/arm-none-eabi/10.2.1/thumb/v7e-m+fp/hard/libgcc.a(_dvmd_tls.o)
                0x000000000000ce1c                __aeabi_ldiv0
                0x000000000000ce1c                __aeabi_idiv0
 .text          0x000000000000ce20       0x40 /Users/thanawitthampakorn/Desktop/tinyML/tflite-micro-sparkfun-edge-examples/downloads/gcc_embedded/bin/../lib/gcc/arm-none-eabi/10.2.1/thumb/v7e-m+fp/hard/libgcc.a(_arm_fixunsdfsi.o)
                0x000000000000ce20                __fixunsdfsi
                0x000000000000ce20                __aeabi_d2uiz
 .text          0x000000000000ce60       0x40 downloads/gcc_embedded//lib/gcc/arm-none-eabi/10.2.1/thumb/v7e-m+fp/hard/crtbegin.o
 *(.text*)
 .text.startup.main
                0x000000000000cea0        0xc /var/folders/xv/rn_r_lr916x36f2_52bnd3lm0000gn/T//cc3Hjq5U.o
                0x000000000000cea0                main
 .text.__tcf_0  0x000000000000ceac        0x4 /var/folders/xv/rn_r_lr916x36f2_52bnd3lm0000gn/T//ccKHcUZL.o
 .text.__tcf_2  0x000000000000ceb0        0xc /var/folders/xv/rn_r_lr916x36f2_52bnd3lm0000gn/T//ccKHcUZL.o
 .text.__tcf_1  0x000000000000cebc        0x4 /var/folders/xv/rn_r_lr916x36f2_52bnd3lm0000gn/T//ccKHcUZL.o
 .text.setup    0x000000000000cec0      0x128 /var/folders/xv/rn_r_lr916x36f2_52bnd3lm0000gn/T//ccKHcUZL.o
                0x000000000000cec0                setup
 .text.loop     0x000000000000cfe8       0xdc /var/folders/xv/rn_r_lr916x36f2_52bnd3lm0000gn/T//ccKHcUZL.o
                0x000000000000cfe8                loop
 .text._Z12HandleOutputPN6tflite13ErrorReporterEff
                0x000000000000d0c4       0xdc /var/folders/xv/rn_r_lr916x36f2_52bnd3lm0000gn/T//ccnf9XUp.o
                0x000000000000d0c4                HandleOutput(tflite::ErrorReporter*, float, float)
 .text.DebugLog
                0x000000000000d1a0        0xc gen/libtflm.a(system_setup.o)
                0x000000000000d1a0                DebugLog
 .text._ZN6tflite16InitializeTargetEv
                0x000000000000d1ac       0x94 gen/libtflm.a(system_setup.o)
                0x000000000000d1ac                tflite::InitializeTarget()
 .text._ZNK6tflite10OpResolver12GetDelegatesEi
                0x000000000000d240        0xc gen/libtflm.a(all_ops_resolver.o)
                0x000000000000d240                tflite::OpResolver::GetDelegates(int) const
 .text._ZNK6tflite10OpResolver19GetDelegateCreatorsEv
                0x000000000000d24c        0xc gen/libtflm.a(all_ops_resolver.o)
                0x000000000000d24c                tflite::OpResolver::GetDelegateCreators() const
 .text._ZNK6tflite10OpResolver24MayContainUserDefinedOpsEv
                0x000000000000d258        0x4 gen/libtflm.a(all_ops_resolver.o)
                0x000000000000d258                tflite::OpResolver::MayContainUserDefinedOps() const
 .text._ZNK6tflite22MicroMutableOpResolverILj128EE6FindOpENS_15BuiltinOperatorE
                0x000000000000d25c       0x3c gen/libtflm.a(all_ops_resolver.o)
                0x000000000000d25c                tflite::MicroMutableOpResolver<128u>::FindOp(tflite::BuiltinOperator) const
 .text._ZN6tflite14AllOpsResolverD0Ev
                0x000000000000d298        0x4 gen/libtflm.a(all_ops_resolver.o)
                0x000000000000d298                tflite::AllOpsResolver::~AllOpsResolver()
                0x000000000000d298                tflite::AllOpsResolver::~AllOpsResolver()
                0x000000000000d298                tflite::AllOpsResolver::~AllOpsResolver()
 .text._ZNK6tflite22MicroMutableOpResolverILj128EE15GetOpDataParserENS_15BuiltinOperatorE
                0x000000000000d29c       0x44 gen/libtflm.a(all_ops_resolver.o)
                0x000000000000d29c                tflite::MicroMutableOpResolver<128u>::GetOpDataParser(tflite::BuiltinOperator) const
 .text._ZNK6tflite22MicroMutableOpResolverILj128EE6FindOpEPKc
                0x000000000000d2e0       0x48 gen/libtflm.a(all_ops_resolver.o)
                0x000000000000d2e0                tflite::MicroMutableOpResolver<128u>::FindOp(char const*) const
 .text._ZNK6tflite15MicroOpResolver6FindOpENS_15BuiltinOperatorEi
                0x000000000000d328       0x48 gen/libtflm.a(all_ops_resolver.o)
                0x000000000000d328                tflite::MicroOpResolver::FindOp(tflite::BuiltinOperator, int) const
 .text._ZN6tflite22MicroMutableOpResolverILj128EE10AddBuiltinENS_15BuiltinOperatorERK18TfLiteRegistrationPF12TfLiteStatusPKNS_8OperatorEPNS_13ErrorReporterEPNS_20BuiltinDataAllocatorEPPvE.isra.0
                0x000000000000d370       0xf0 gen/libtflm.a(all_ops_resolver.o)
 .text._ZNK6tflite15MicroOpResolver6FindOpEPKci
                0x000000000000d460       0x54 gen/libtflm.a(all_ops_resolver.o)
                0x000000000000d460                tflite::MicroOpResolver::FindOp(char const*, int) const
 .text._ZN6tflite14AllOpsResolverC2Ev
                0x000000000000d4b4     0x2060 gen/libtflm.a(all_ops_resolver.o)
                0x000000000000d4b4                tflite::AllOpsResolver::AllOpsResolver()
                0x000000000000d4b4                tflite::AllOpsResolver::AllOpsResolver()
 .text._ZN6tflite18MicroErrorReporterD0Ev
                0x000000000000f514        0x4 gen/libtflm.a(micro_error_reporter.o)
                0x000000000000f514                tflite::MicroErrorReporter::~MicroErrorReporter()
                0x000000000000f514                tflite::MicroErrorReporter::~MicroErrorReporter()
                0x000000000000f514                tflite::MicroErrorReporter::~MicroErrorReporter()
 .text._ZN12_GLOBAL__N_13LogEPKcSt9__va_list
                0x000000000000f518       0x28 gen/libtflm.a(micro_error_reporter.o)
 .text._ZN6tflite18MicroErrorReporter6ReportEPKcSt9__va_list
                0x000000000000f540       0x2c gen/libtflm.a(micro_error_reporter.o)
                0x000000000000f540                tflite::MicroErrorReporter::Report(char const*, std::__va_list)
 .text._Z11MicroPrintfPKcz
                0x000000000000f56c       0x1c gen/libtflm.a(micro_error_reporter.o)
                0x000000000000f56c                MicroPrintf(char const*, ...)
 .text._ZN6tflite21GetMicroErrorReporterEv
                0x000000000000f588       0x20 gen/libtflm.a(micro_error_reporter.o)
                0x000000000000f588                tflite::GetMicroErrorReporter()
 .text.MicroVsnprintf
                0x000000000000f5a8      0x544 gen/libtflm.a(micro_string.o)
                0x000000000000f5a8                MicroVsnprintf
 .text._ZN6tflite36MicroContextAllocatePersistentBufferEP13TfLiteContextj
                0x000000000000faec        0x8 gen/libtflm.a(micro_interpreter.o)
                0x000000000000faec                tflite::MicroContextAllocatePersistentBuffer(TfLiteContext*, unsigned int)
 .text._ZN6tflite39MicroContextRequestScratchBufferInArenaEP13TfLiteContextjPi
                0x000000000000faf4        0x8 gen/libtflm.a(micro_interpreter.o)
                0x000000000000faf4                tflite::MicroContextRequestScratchBufferInArena(TfLiteContext*, unsigned int, int*)
 .text._ZN6tflite28MicroContextGetScratchBufferEP13TfLiteContexti
                0x000000000000fafc        0x8 gen/libtflm.a(micro_interpreter.o)
                0x000000000000fafc                tflite::MicroContextGetScratchBuffer(TfLiteContext*, int)
 .text._ZN6tflite21MicroContextGetTensorEPK13TfLiteContexti
                0x000000000000fb04        0x8 gen/libtflm.a(micro_interpreter.o)
                0x000000000000fb04                tflite::MicroContextGetTensor(TfLiteContext const*, int)
 .text._ZN6tflite25MicroContextGetEvalTensorEPK13TfLiteContexti
                0x000000000000fb0c        0x8 gen/libtflm.a(micro_interpreter.o)
                0x000000000000fb0c                tflite::MicroContextGetEvalTensor(TfLiteContext const*, int)
 .text._ZN6tflite30MicroContextGetExternalContextEP13TfLiteContext25TfLiteExternalContextType
                0x000000000000fb14        0x8 gen/libtflm.a(micro_interpreter.o)
                0x000000000000fb14                tflite::MicroContextGetExternalContext(TfLiteContext*, TfLiteExternalContextType)
 .text._ZN6tflite16MicroInterpreterC2EPKNS_5ModelERKNS_15MicroOpResolverEPhjPNS_13ErrorReporterEPNS_22MicroResourceVariablesEPNS_13MicroProfilerE
                0x000000000000fb1c       0x90 gen/libtflm.a(micro_interpreter.o)
                0x000000000000fb1c                tflite::MicroInterpreter::MicroInterpreter(tflite::Model const*, tflite::MicroOpResolver const&, unsigned char*, unsigned int, tflite::ErrorReporter*, tflite::MicroResourceVariables*, tflite::MicroProfiler*)
                0x000000000000fb1c                tflite::MicroInterpreter::MicroInterpreter(tflite::Model const*, tflite::MicroOpResolver const&, unsigned char*, unsigned int, tflite::ErrorReporter*, tflite::MicroResourceVariables*, tflite::MicroProfiler*)
 .text._ZN6tflite16MicroInterpreter5inputEj
                0x000000000000fbac       0x5c gen/libtflm.a(micro_interpreter.o)
                0x000000000000fbac                tflite::MicroInterpreter::input(unsigned int)
 .text._ZN6tflite16MicroInterpreter6outputEj
                0x000000000000fc08       0x5c gen/libtflm.a(micro_interpreter.o)
                0x000000000000fc08                tflite::MicroInterpreter::output(unsigned int)
 .text._ZN6tflite16MicroInterpreterD2Ev
                0x000000000000fc64       0x24 gen/libtflm.a(micro_interpreter.o)
                0x000000000000fc64                tflite::MicroInterpreter::~MicroInterpreter()
                0x000000000000fc64                tflite::MicroInterpreter::~MicroInterpreter()
 .text._ZN6tflite16MicroInterpreter44PrepareNodeAndRegistrationDataFromFlatbufferEv
                0x000000000000fc88      0x324 gen/libtflm.a(micro_interpreter.o)
                0x000000000000fc88                tflite::MicroInterpreter::PrepareNodeAndRegistrationDataFromFlatbuffer()
 .text._ZN6tflite16MicroInterpreter15AllocateTensorsEv
                0x000000000000ffac      0x38c gen/libtflm.a(micro_interpreter.o)
                0x000000000000ffac                tflite::MicroInterpreter::AllocateTensors()
 .text._ZN6tflite16MicroInterpreter6InvokeEv
                0x0000000000010338       0x34 gen/libtflm.a(micro_interpreter.o)
                0x0000000000010338                tflite::MicroInterpreter::Invoke()
 .text._ZN6tflite17FlexbufferWrapperC2EPKhj
                0x000000000001036c       0x70 gen/libtflm.a(flatbuffer_utils.o)
                0x000000000001036c                tflite::FlexbufferWrapper::FlexbufferWrapper(unsigned char const*, unsigned int)
                0x000000000001036c                tflite::FlexbufferWrapper::FlexbufferWrapper(unsigned char const*, unsigned int)
 .text._ZNK6tflite17FlexbufferWrapper14ElementAsInt32Ej
                0x00000000000103dc       0x1c gen/libtflm.a(flatbuffer_utils.o)
                0x00000000000103dc                tflite::FlexbufferWrapper::ElementAsInt32(unsigned int) const
 .text._ZN6tflite20NumSubgraphOperatorsEPKNS_8SubGraphE
                0x00000000000103f8       0x24 gen/libtflm.a(flatbuffer_utils.o)
                0x00000000000103f8                tflite::NumSubgraphOperators(tflite::SubGraph const*)
 .text._ZN6tflite20NumSubgraphOperatorsEPKNS_5ModelEi
                0x000000000001041c       0x44 gen/libtflm.a(flatbuffer_utils.o)
                0x000000000001041c                tflite::NumSubgraphOperators(tflite::Model const*, int)
 .text._ZN6tflite33FlatBufferVectorToTfLiteTypeArrayEPKN11flatbuffers6VectorIlEE
                0x0000000000010460        0x4 gen/libtflm.a(flatbuffer_utils.o)
                0x0000000000010460                tflite::FlatBufferVectorToTfLiteTypeArray(flatbuffers::Vector<long> const*)
 .text._ZN6tflite33FlatBufferVectorToTfLiteTypeArrayEPKN11flatbuffers6VectorIfEE
                0x0000000000010464        0x4 gen/libtflm.a(flatbuffer_utils.o)
                0x0000000000010464                tflite::FlatBufferVectorToTfLiteTypeArray(flatbuffers::Vector<float> const*)
 .text._ZN6tflite18MicroMemoryPlanner9AddBufferEPNS_13ErrorReporterEiiii
                0x0000000000010468        0x4 gen/libtflm.a(micro_allocator.o)
                0x0000000000010468                tflite::MicroMemoryPlanner::AddBuffer(tflite::ErrorReporter*, int, int, int, int)
 .text._ZN6tflite18MicroMemoryPlanner4InitEPhi
                0x000000000001046c        0x4 gen/libtflm.a(micro_allocator.o)
                0x000000000001046c                tflite::MicroMemoryPlanner::Init(unsigned char*, int)
 .text._ZN6tflite12_GLOBAL__N_125MicroBuiltinDataAllocator8AllocateEjj
                0x0000000000010470        0x8 gen/libtflm.a(micro_allocator.o)
 .text._ZN6tflite12_GLOBAL__N_125MicroBuiltinDataAllocator10DeallocateEPv
                0x0000000000010478        0x4 gen/libtflm.a(micro_allocator.o)
 .text._ZN6tflite14MicroAllocatorD0Ev
                0x000000000001047c        0x4 gen/libtflm.a(micro_allocator.o)
                0x000000000001047c                tflite::MicroAllocator::~MicroAllocator()
                0x000000000001047c                tflite::MicroAllocator::~MicroAllocator()
                0x000000000001047c                tflite::MicroAllocator::~MicroAllocator()
 .text._ZN6tflite14MicroAllocator24AllocatePersistentBufferEj
                0x0000000000010480        0xc gen/libtflm.a(micro_allocator.o)
                0x0000000000010480                tflite::MicroAllocator::AllocatePersistentBuffer(unsigned int)
 .text._ZN6tflite14MicroAllocator26DeallocateTempTfLiteTensorEP12TfLiteTensor
                0x000000000001048c       0x3c gen/libtflm.a(micro_allocator.o)
                0x000000000001048c                tflite::MicroAllocator::DeallocateTempTfLiteTensor(TfLiteTensor*)
 .text._ZN6tflite14MicroAllocator20ResetTempAllocationsEv
                0x00000000000104c8        0x8 gen/libtflm.a(micro_allocator.o)
                0x00000000000104c8                tflite::MicroAllocator::ResetTempAllocations()
 .text._ZN6tflite14MicroAllocator20IsAllTempDeallocatedEv
                0x00000000000104d0        0x8 gen/libtflm.a(micro_allocator.o)
                0x00000000000104d0                tflite::MicroAllocator::IsAllTempDeallocated()
 .text._ZN6tflite14MicroAllocator38AllocatePersistentTfLiteTensorInternalEv
                0x00000000000104d8        0xc gen/libtflm.a(micro_allocator.o)
                0x00000000000104d8                tflite::MicroAllocator::AllocatePersistentTfLiteTensorInternal()
 .text._ZN6tflite12_GLOBAL__N_125MicroBuiltinDataAllocatorD0Ev
                0x00000000000104e4        0x4 gen/libtflm.a(micro_allocator.o)
 .text._ZN6tflite14MicroAllocator28AllocateNodeAndRegistrationsEPKNS_5ModelEPNS_19SubgraphAllocationsE
                0x00000000000104e8       0x88 gen/libtflm.a(micro_allocator.o)
                0x00000000000104e8                tflite::MicroAllocator::AllocateNodeAndRegistrations(tflite::Model const*, tflite::SubgraphAllocations*)
 .text._ZN6tflite14MicroAllocator17AllocateVariablesEPKNS_8SubGraphEP16TfLiteEvalTensor
                0x0000000000010570       0xb0 gen/libtflm.a(micro_allocator.o)
                0x0000000000010570                tflite::MicroAllocator::AllocateVariables(tflite::SubGraph const*, TfLiteEvalTensor*)
 .text._ZN6tflite14MicroAllocator28AllocateScratchBufferHandlesEPPNS_19ScratchBufferHandleEj
                0x0000000000010620       0x20 gen/libtflm.a(micro_allocator.o)
                0x0000000000010620                tflite::MicroAllocator::AllocateScratchBufferHandles(tflite::ScratchBufferHandle**, unsigned int)
 .text._ZN6tflite14MicroAllocator22CommitStaticMemoryPlanEPKNS_5ModelEP16TfLiteEvalTensorPNS_19ScratchBufferHandleEi
                0x0000000000010640      0x5fc gen/libtflm.a(micro_allocator.o)
                0x0000000000010640                tflite::MicroAllocator::CommitStaticMemoryPlan(tflite::Model const*, TfLiteEvalTensor*, tflite::ScratchBufferHandle*, int)
 .text._ZN6tflite8internal25GetFlatbufferTensorBufferERKNS_6TensorEPKN11flatbuffers6VectorINS4_6OffsetINS_6BufferEEEEE
                0x0000000000010c3c       0x48 gen/libtflm.a(micro_allocator.o)
                0x0000000000010c3c                tflite::internal::GetFlatbufferTensorBuffer(tflite::Tensor const&, flatbuffers::Vector<flatbuffers::Offset<tflite::Buffer> > const*)
 .text._ZN6tflite14MicroAllocator25AllocateTfLiteEvalTensorsEPKNS_5ModelEPNS_19SubgraphAllocationsE
                0x0000000000010c84      0x1dc gen/libtflm.a(micro_allocator.o)
                0x0000000000010c84                tflite::MicroAllocator::AllocateTfLiteEvalTensors(tflite::Model const*, tflite::SubgraphAllocations*)
 .text._ZN6tflite8internal36InitializeTfLiteTensorFromFlatbufferEPNS_21SimpleMemoryAllocatorEbRKNS_6TensorEPKN11flatbuffers6VectorINS6_6OffsetINS_6BufferEEEEEPNS_13ErrorReporterEP12TfLiteTensor
                0x0000000000010e60      0x2b0 gen/libtflm.a(micro_allocator.o)
                0x0000000000010e60                tflite::internal::InitializeTfLiteTensorFromFlatbuffer(tflite::SimpleMemoryAllocator*, bool, tflite::Tensor const&, flatbuffers::Vector<flatbuffers::Offset<tflite::Buffer> > const*, tflite::ErrorReporter*, TfLiteTensor*)
 .text._ZN6tflite14MicroAllocator34PopulateTfLiteTensorFromFlatbufferEPKNS_5ModelEP12TfLiteTensoriib
                0x0000000000011110       0x9c gen/libtflm.a(micro_allocator.o)
                0x0000000000011110                tflite::MicroAllocator::PopulateTfLiteTensorFromFlatbuffer(tflite::Model const*, TfLiteTensor*, int, int, bool)
 .text._ZN6tflite14MicroAllocator24AllocateTempTfLiteTensorEPKNS_5ModelEPKNS_19SubgraphAllocationsEii
                0x00000000000111ac       0xf8 gen/libtflm.a(micro_allocator.o)
                0x00000000000111ac                tflite::MicroAllocator::AllocateTempTfLiteTensor(tflite::Model const*, tflite::SubgraphAllocations const*, int, int)
 .text._ZN6tflite14MicroAllocator30AllocatePersistentTfLiteTensorEPKNS_5ModelEPKNS_19SubgraphAllocationsEii
                0x00000000000112a4      0x10c gen/libtflm.a(micro_allocator.o)
                0x00000000000112a4                tflite::MicroAllocator::AllocatePersistentTfLiteTensor(tflite::Model const*, tflite::SubgraphAllocations const*, int, int)
 .text._ZN6tflite14MicroAllocator6CreateEPhjPNS_13ErrorReporterE
                0x00000000000113b0       0x50 gen/libtflm.a(micro_allocator.o)
                0x00000000000113b0                tflite::MicroAllocator::Create(unsigned char*, unsigned int, tflite::ErrorReporter*)
 .text._ZN6tflite14MicroAllocator20StartModelAllocationEPKNS_5ModelE
                0x0000000000011400       0xac gen/libtflm.a(micro_allocator.o)
                0x0000000000011400                tflite::MicroAllocator::StartModelAllocation(tflite::Model const*)
 .text._ZN6tflite14MicroAllocator21FinishModelAllocationEPKNS_5ModelEPNS_19SubgraphAllocationsEPPNS_19ScratchBufferHandleE
                0x00000000000114ac       0xd4 gen/libtflm.a(micro_allocator.o)
                0x00000000000114ac                tflite::MicroAllocator::FinishModelAllocation(tflite::Model const*, tflite::SubgraphAllocations*, tflite::ScratchBufferHandle**)
 .text._ZN6tflite14MicroAllocator27RequestScratchBufferInArenaEjiPi
                0x0000000000011580       0x60 gen/libtflm.a(micro_allocator.o)
                0x0000000000011580                tflite::MicroAllocator::RequestScratchBufferInArena(unsigned int, int, int*)
 .text._ZN6tflite14MicroAllocator28FinishPrepareNodeAllocationsEi
                0x00000000000115e0       0x58 gen/libtflm.a(micro_allocator.o)
                0x00000000000115e0                tflite::MicroAllocator::FinishPrepareNodeAllocations(int)
 .text._ZN6tflite14MicroAllocator23GetBuiltinDataAllocatorEv
                0x0000000000011638        0x4 gen/libtflm.a(micro_allocator.o)
                0x0000000000011638                tflite::MicroAllocator::GetBuiltinDataAllocator()
 .text._ZN6tflite14AlignPointerUpEPhj
                0x000000000001163c       0x10 gen/libtflm.a(memory_helpers.o)
                0x000000000001163c                tflite::AlignPointerUp(unsigned char*, unsigned int)
 .text._ZN6tflite16AlignPointerDownEPhj
                0x000000000001164c        0xc gen/libtflm.a(memory_helpers.o)
                0x000000000001164c                tflite::AlignPointerDown(unsigned char*, unsigned int)
 .text._ZN6tflite11AlignSizeUpEjj
                0x0000000000011658       0x10 gen/libtflm.a(memory_helpers.o)
                0x0000000000011658                tflite::AlignSizeUp(unsigned int, unsigned int)
 .text._ZN6tflite16TfLiteTypeSizeOfE10TfLiteTypePj
                0x0000000000011668       0x48 gen/libtflm.a(memory_helpers.o)
                0x0000000000011668                tflite::TfLiteTypeSizeOf(TfLiteType, unsigned int*)
 .text._ZN6tflite22BytesRequiredForTensorERKNS_6TensorEPjS3_PNS_13ErrorReporterE
                0x00000000000116b0       0x8c gen/libtflm.a(memory_helpers.o)
                0x00000000000116b0                tflite::BytesRequiredForTensor(tflite::Tensor const&, unsigned int*, unsigned int*, tflite::ErrorReporter*)
 .text._ZN6tflite26TfLiteEvalTensorByteLengthEPK16TfLiteEvalTensorPj
                0x000000000001173c       0x64 gen/libtflm.a(memory_helpers.o)
                0x000000000001173c                tflite::TfLiteEvalTensorByteLength(TfLiteEvalTensor const*, unsigned int*)
 .text._ZN6tflite13ErrorReporter6ReportEPKcz
                0x00000000000117a0       0x20 gen/libtflm.a(error_reporter.o)
                0x00000000000117a0                tflite::ErrorReporter::Report(char const*, ...)
 .text._ZN6tflite13ErrorReporter11ReportErrorEPvPKcz
                0x00000000000117c0       0x20 gen/libtflm.a(error_reporter.o)
                0x00000000000117c0                tflite::ErrorReporter::ReportError(void*, char const*, ...)
 .text._ZN6tflite17ConvertTensorTypeENS_10TensorTypeEP10TfLiteTypePNS_13ErrorReporterE
                0x00000000000117e0       0xb4 gen/libtflm.a(flatbuffer_conversions.o)
                0x00000000000117e0                tflite::ConvertTensorType(tflite::TensorType, TfLiteType*, tflite::ErrorReporter*)
 .text._ZN6tflite8ParseAbsEPKNS_8OperatorEPNS_13ErrorReporterEPNS_20BuiltinDataAllocatorEPPv
                0x0000000000011894        0x4 gen/libtflm.a(flatbuffer_conversions.o)
                0x0000000000011894                tflite::ParseAbs(tflite::Operator const*, tflite::ErrorReporter*, tflite::BuiltinDataAllocator*, void**)
 .text._ZN6tflite8ParseAddEPKNS_8OperatorEPNS_13ErrorReporterEPNS_20BuiltinDataAllocatorEPPv
                0x0000000000011898       0xa4 gen/libtflm.a(flatbuffer_conversions.o)
                0x0000000000011898                tflite::ParseAdd(tflite::Operator const*, tflite::ErrorReporter*, tflite::BuiltinDataAllocator*, void**)
 .text._ZN6tflite9ParseAddNEPKNS_8OperatorEPNS_13ErrorReporterEPNS_20BuiltinDataAllocatorEPPv
                0x000000000001193c        0x4 gen/libtflm.a(flatbuffer_conversions.o)
                0x000000000001193c                tflite::ParseAddN(tflite::Operator const*, tflite::ErrorReporter*, tflite::BuiltinDataAllocator*, void**)
 .text._ZN6tflite11ParseArgMaxEPKNS_8OperatorEPNS_13ErrorReporterEPNS_20BuiltinDataAllocatorEPPv
                0x0000000000011940       0xa8 gen/libtflm.a(flatbuffer_conversions.o)
                0x0000000000011940                tflite::ParseArgMax(tflite::Operator const*, tflite::ErrorReporter*, tflite::BuiltinDataAllocator*, void**)
 .text._ZN6tflite11ParseArgMinEPKNS_8OperatorEPNS_13ErrorReporterEPNS_20BuiltinDataAllocatorEPPv
                0x00000000000119e8       0xa8 gen/libtflm.a(flatbuffer_conversions.o)
                0x00000000000119e8                tflite::ParseArgMin(tflite::Operator const*, tflite::ErrorReporter*, tflite::BuiltinDataAllocator*, void**)
 .text._ZN6tflite19ParseAssignVariableEPKNS_8OperatorEPNS_13ErrorReporterEPNS_20BuiltinDataAllocatorEPPv
                0x0000000000011a90        0x4 gen/libtflm.a(flatbuffer_conversions.o)
                0x0000000000011a90                tflite::ParseAssignVariable(tflite::Operator const*, tflite::ErrorReporter*, tflite::BuiltinDataAllocator*, void**)
 .text._ZN6tflite19ParseBatchToSpaceNdEPKNS_8OperatorEPNS_13ErrorReporterEPNS_20BuiltinDataAllocatorEPPv
                0x0000000000011a94        0x4 gen/libtflm.a(flatbuffer_conversions.o)
                0x0000000000011a94                tflite::ParseBatchToSpaceNd(tflite::Operator const*, tflite::ErrorReporter*, tflite::BuiltinDataAllocator*, void**)
 .text._ZN6tflite13ParseCallOnceEPKNS_8OperatorEPNS_13ErrorReporterEPNS_20BuiltinDataAllocatorEPPv
                0x0000000000011a98       0x80 gen/libtflm.a(flatbuffer_conversions.o)
                0x0000000000011a98                tflite::ParseCallOnce(tflite::Operator const*, tflite::ErrorReporter*, tflite::BuiltinDataAllocator*, void**)
 .text._ZN6tflite9ParseCastEPKNS_8OperatorEPNS_13ErrorReporterEPNS_20BuiltinDataAllocatorEPPv
                0x0000000000011b18       0xdc gen/libtflm.a(flatbuffer_conversions.o)
                0x0000000000011b18                tflite::ParseCast(tflite::Operator const*, tflite::ErrorReporter*, tflite::BuiltinDataAllocator*, void**)
 .text._ZN6tflite9ParseCeilEPKNS_8OperatorEPNS_13ErrorReporterEPNS_20BuiltinDataAllocatorEPPv
                0x0000000000011bf4        0x4 gen/libtflm.a(flatbuffer_conversions.o)
                0x0000000000011bf4                tflite::ParseCeil(tflite::Operator const*, tflite::ErrorReporter*, tflite::BuiltinDataAllocator*, void**)
 .text._ZN6tflite18ParseConcatenationEPKNS_8OperatorEPNS_13ErrorReporterEPNS_20BuiltinDataAllocatorEPPv
                0x0000000000011bf8       0x98 gen/libtflm.a(flatbuffer_conversions.o)
                0x0000000000011bf8                tflite::ParseConcatenation(tflite::Operator const*, tflite::ErrorReporter*, tflite::BuiltinDataAllocator*, void**)
 .text._ZN6tflite11ParseConv2DEPKNS_8OperatorEPNS_13ErrorReporterEPNS_20BuiltinDataAllocatorEPPv
                0x0000000000011c90       0xf4 gen/libtflm.a(flatbuffer_conversions.o)
                0x0000000000011c90                tflite::ParseConv2D(tflite::Operator const*, tflite::ErrorReporter*, tflite::BuiltinDataAllocator*, void**)
 .text._ZN6tflite11ParseCumsumEPKNS_8OperatorEPNS_13ErrorReporterEPNS_20BuiltinDataAllocatorEPPv
                0x0000000000011d84       0xa0 gen/libtflm.a(flatbuffer_conversions.o)
                0x0000000000011d84                tflite::ParseCumsum(tflite::Operator const*, tflite::ErrorReporter*, tflite::BuiltinDataAllocator*, void**)
 .text._ZN6tflite8ParseCosEPKNS_8OperatorEPNS_13ErrorReporterEPNS_20BuiltinDataAllocatorEPPv
                0x0000000000011e24        0x4 gen/libtflm.a(flatbuffer_conversions.o)
                0x0000000000011e24                tflite::ParseCos(tflite::Operator const*, tflite::ErrorReporter*, tflite::BuiltinDataAllocator*, void**)
 .text._ZN6tflite17ParseDepthToSpaceEPKNS_8OperatorEPNS_13ErrorReporterEPNS_20BuiltinDataAllocatorEPPv
                0x0000000000011e28       0x80 gen/libtflm.a(flatbuffer_conversions.o)
                0x0000000000011e28                tflite::ParseDepthToSpace(tflite::Operator const*, tflite::ErrorReporter*, tflite::BuiltinDataAllocator*, void**)
 .text._ZN6tflite20ParseDepthwiseConv2DEPKNS_8OperatorEPNS_13ErrorReporterEPNS_20BuiltinDataAllocatorEPPv
                0x0000000000011ea8      0x10c gen/libtflm.a(flatbuffer_conversions.o)
                0x0000000000011ea8                tflite::ParseDepthwiseConv2D(tflite::Operator const*, tflite::ErrorReporter*, tflite::BuiltinDataAllocator*, void**)
 .text._ZN6tflite15ParseDequantizeEPKNS_8OperatorEPNS_13ErrorReporterEPNS_20BuiltinDataAllocatorEPPv
                0x0000000000011fb4        0x4 gen/libtflm.a(flatbuffer_conversions.o)
                0x0000000000011fb4                tflite::ParseDequantize(tflite::Operator const*, tflite::ErrorReporter*, tflite::BuiltinDataAllocator*, void**)
 .text._ZN6tflite8ParseEluEPKNS_8OperatorEPNS_13ErrorReporterEPNS_20BuiltinDataAllocatorEPPv
                0x0000000000011fb8        0x4 gen/libtflm.a(flatbuffer_conversions.o)
                0x0000000000011fb8                tflite::ParseElu(tflite::Operator const*, tflite::ErrorReporter*, tflite::BuiltinDataAllocator*, void**)
 .text._ZN6tflite10ParseEqualEPKNS_8OperatorEPNS_13ErrorReporterEPNS_20BuiltinDataAllocatorEPPv
                0x0000000000011fbc        0x4 gen/libtflm.a(flatbuffer_conversions.o)
                0x0000000000011fbc                tflite::ParseEqual(tflite::Operator const*, tflite::ErrorReporter*, tflite::BuiltinDataAllocator*, void**)
 .text._ZN6tflite8ParseExpEPKNS_8OperatorEPNS_13ErrorReporterEPNS_20BuiltinDataAllocatorEPPv
                0x0000000000011fc0        0x4 gen/libtflm.a(flatbuffer_conversions.o)
                0x0000000000011fc0                tflite::ParseExp(tflite::Operator const*, tflite::ErrorReporter*, tflite::BuiltinDataAllocator*, void**)
 .text._ZN6tflite15ParseExpandDimsEPKNS_8OperatorEPNS_13ErrorReporterEPNS_20BuiltinDataAllocatorEPPv
                0x0000000000011fc4        0x4 gen/libtflm.a(flatbuffer_conversions.o)
                0x0000000000011fc4                tflite::ParseExpandDims(tflite::Operator const*, tflite::ErrorReporter*, tflite::BuiltinDataAllocator*, void**)
 .text._ZN6tflite9ParseFillEPKNS_8OperatorEPNS_13ErrorReporterEPNS_20BuiltinDataAllocatorEPPv
                0x0000000000011fc8        0x4 gen/libtflm.a(flatbuffer_conversions.o)
                0x0000000000011fc8                tflite::ParseFill(tflite::Operator const*, tflite::ErrorReporter*, tflite::BuiltinDataAllocator*, void**)
 .text._ZN6tflite10ParseFloorEPKNS_8OperatorEPNS_13ErrorReporterEPNS_20BuiltinDataAllocatorEPPv
                0x0000000000011fcc        0x4 gen/libtflm.a(flatbuffer_conversions.o)
                0x0000000000011fcc                tflite::ParseFloor(tflite::Operator const*, tflite::ErrorReporter*, tflite::BuiltinDataAllocator*, void**)
 .text._ZN6tflite13ParseFloorDivEPKNS_8OperatorEPNS_13ErrorReporterEPNS_20BuiltinDataAllocatorEPPv
                0x0000000000011fd0        0x4 gen/libtflm.a(flatbuffer_conversions.o)
                0x0000000000011fd0                tflite::ParseFloorDiv(tflite::Operator const*, tflite::ErrorReporter*, tflite::BuiltinDataAllocator*, void**)
 .text._ZN6tflite13ParseFloorModEPKNS_8OperatorEPNS_13ErrorReporterEPNS_20BuiltinDataAllocatorEPPv
                0x0000000000011fd4        0x4 gen/libtflm.a(flatbuffer_conversions.o)
                0x0000000000011fd4                tflite::ParseFloorMod(tflite::Operator const*, tflite::ErrorReporter*, tflite::BuiltinDataAllocator*, void**)
 .text._ZN6tflite19ParseFullyConnectedEPKNS_8OperatorEPNS_13ErrorReporterEPNS_20BuiltinDataAllocatorEPPv
                0x0000000000011fd8       0xec gen/libtflm.a(flatbuffer_conversions.o)
                0x0000000000011fd8                tflite::ParseFullyConnected(tflite::Operator const*, tflite::ErrorReporter*, tflite::BuiltinDataAllocator*, void**)
 .text._ZN6tflite11ParseGatherEPKNS_8OperatorEPNS_13ErrorReporterEPNS_20BuiltinDataAllocatorEPPv
                0x00000000000120c4       0x94 gen/libtflm.a(flatbuffer_conversions.o)
                0x00000000000120c4                tflite::ParseGather(tflite::Operator const*, tflite::ErrorReporter*, tflite::BuiltinDataAllocator*, void**)
 .text._ZN6tflite13ParseGatherNdEPKNS_8OperatorEPNS_13ErrorReporterEPNS_20BuiltinDataAllocatorEPPv
                0x0000000000012158        0x4 gen/libtflm.a(flatbuffer_conversions.o)
                0x0000000000012158                tflite::ParseGatherNd(tflite::Operator const*, tflite::ErrorReporter*, tflite::BuiltinDataAllocator*, void**)
 .text._ZN6tflite12ParseGreaterEPKNS_8OperatorEPNS_13ErrorReporterEPNS_20BuiltinDataAllocatorEPPv
                0x000000000001215c        0x4 gen/libtflm.a(flatbuffer_conversions.o)
                0x000000000001215c                tflite::ParseGreater(tflite::Operator const*, tflite::ErrorReporter*, tflite::BuiltinDataAllocator*, void**)
 .text._ZN6tflite17ParseGreaterEqualEPKNS_8OperatorEPNS_13ErrorReporterEPNS_20BuiltinDataAllocatorEPPv
                0x0000000000012160        0x4 gen/libtflm.a(flatbuffer_conversions.o)
                0x0000000000012160                tflite::ParseGreaterEqual(tflite::Operator const*, tflite::ErrorReporter*, tflite::BuiltinDataAllocator*, void**)
 .text._ZN6tflite14ParseHardSwishEPKNS_8OperatorEPNS_13ErrorReporterEPNS_20BuiltinDataAllocatorEPPv
                0x0000000000012164        0x4 gen/libtflm.a(flatbuffer_conversions.o)
                0x0000000000012164                tflite::ParseHardSwish(tflite::Operator const*, tflite::ErrorReporter*, tflite::BuiltinDataAllocator*, void**)
 .text._ZN6tflite7ParseIfEPKNS_8OperatorEPNS_13ErrorReporterEPNS_20BuiltinDataAllocatorEPPv
                0x0000000000012168       0x94 gen/libtflm.a(flatbuffer_conversions.o)
                0x0000000000012168                tflite::ParseIf(tflite::Operator const*, tflite::ErrorReporter*, tflite::BuiltinDataAllocator*, void**)
 .text._ZN6tflite20ParseL2NormalizationEPKNS_8OperatorEPNS_13ErrorReporterEPNS_20BuiltinDataAllocatorEPPv
                0x00000000000121fc       0x88 gen/libtflm.a(flatbuffer_conversions.o)
                0x00000000000121fc                tflite::ParseL2Normalization(tflite::Operator const*, tflite::ErrorReporter*, tflite::BuiltinDataAllocator*, void**)
 .text._ZN6tflite14ParseLeakyReluEPKNS_8OperatorEPNS_13ErrorReporterEPNS_20BuiltinDataAllocatorEPPv
                0x0000000000012284       0x84 gen/libtflm.a(flatbuffer_conversions.o)
                0x0000000000012284                tflite::ParseLeakyRelu(tflite::Operator const*, tflite::ErrorReporter*, tflite::BuiltinDataAllocator*, void**)
 .text._ZN6tflite9ParseLessEPKNS_8OperatorEPNS_13ErrorReporterEPNS_20BuiltinDataAllocatorEPPv
                0x0000000000012308        0x4 gen/libtflm.a(flatbuffer_conversions.o)
                0x0000000000012308                tflite::ParseLess(tflite::Operator const*, tflite::ErrorReporter*, tflite::BuiltinDataAllocator*, void**)
 .text._ZN6tflite14ParseLessEqualEPKNS_8OperatorEPNS_13ErrorReporterEPNS_20BuiltinDataAllocatorEPPv
                0x000000000001230c        0x4 gen/libtflm.a(flatbuffer_conversions.o)
                0x000000000001230c                tflite::ParseLessEqual(tflite::Operator const*, tflite::ErrorReporter*, tflite::BuiltinDataAllocator*, void**)
 .text._ZN6tflite8ParseLogEPKNS_8OperatorEPNS_13ErrorReporterEPNS_20BuiltinDataAllocatorEPPv
                0x0000000000012310        0x4 gen/libtflm.a(flatbuffer_conversions.o)
                0x0000000000012310                tflite::ParseLog(tflite::Operator const*, tflite::ErrorReporter*, tflite::BuiltinDataAllocator*, void**)
 .text._ZN6tflite15ParseLogicalAndEPKNS_8OperatorEPNS_13ErrorReporterEPNS_20BuiltinDataAllocatorEPPv
                0x0000000000012314        0x4 gen/libtflm.a(flatbuffer_conversions.o)
                0x0000000000012314                tflite::ParseLogicalAnd(tflite::Operator const*, tflite::ErrorReporter*, tflite::BuiltinDataAllocator*, void**)
 .text._ZN6tflite15ParseLogicalNotEPKNS_8OperatorEPNS_13ErrorReporterEPNS_20BuiltinDataAllocatorEPPv
                0x0000000000012318        0x4 gen/libtflm.a(flatbuffer_conversions.o)
                0x0000000000012318                tflite::ParseLogicalNot(tflite::Operator const*, tflite::ErrorReporter*, tflite::BuiltinDataAllocator*, void**)
 .text._ZN6tflite14ParseLogicalOrEPKNS_8OperatorEPNS_13ErrorReporterEPNS_20BuiltinDataAllocatorEPPv
                0x000000000001231c        0x4 gen/libtflm.a(flatbuffer_conversions.o)
                0x000000000001231c                tflite::ParseLogicalOr(tflite::Operator const*, tflite::ErrorReporter*, tflite::BuiltinDataAllocator*, void**)
 .text._ZN6tflite13ParseLogisticEPKNS_8OperatorEPNS_13ErrorReporterEPNS_20BuiltinDataAllocatorEPPv
                0x0000000000012320        0x4 gen/libtflm.a(flatbuffer_conversions.o)
                0x0000000000012320                tflite::ParseLogistic(tflite::Operator const*, tflite::ErrorReporter*, tflite::BuiltinDataAllocator*, void**)
 .text._ZN6tflite12ParseMaximumEPKNS_8OperatorEPNS_13ErrorReporterEPNS_20BuiltinDataAllocatorEPPv
                0x0000000000012324        0x4 gen/libtflm.a(flatbuffer_conversions.o)
                0x0000000000012324                tflite::ParseMaximum(tflite::Operator const*, tflite::ErrorReporter*, tflite::BuiltinDataAllocator*, void**)
 .text._ZN6tflite12ParseMinimumEPKNS_8OperatorEPNS_13ErrorReporterEPNS_20BuiltinDataAllocatorEPPv
                0x0000000000012328        0x4 gen/libtflm.a(flatbuffer_conversions.o)
                0x0000000000012328                tflite::ParseMinimum(tflite::Operator const*, tflite::ErrorReporter*, tflite::BuiltinDataAllocator*, void**)
 .text._ZN6tflite14ParseMirrorPadEPKNS_8OperatorEPNS_13ErrorReporterEPNS_20BuiltinDataAllocatorEPPv
                0x000000000001232c       0x90 gen/libtflm.a(flatbuffer_conversions.o)
                0x000000000001232c                tflite::ParseMirrorPad(tflite::Operator const*, tflite::ErrorReporter*, tflite::BuiltinDataAllocator*, void**)
 .text._ZN6tflite8ParseMulEPKNS_8OperatorEPNS_13ErrorReporterEPNS_20BuiltinDataAllocatorEPPv
                0x00000000000123bc       0x88 gen/libtflm.a(flatbuffer_conversions.o)
                0x00000000000123bc                tflite::ParseMul(tflite::Operator const*, tflite::ErrorReporter*, tflite::BuiltinDataAllocator*, void**)
 .text._ZN6tflite8ParseNegEPKNS_8OperatorEPNS_13ErrorReporterEPNS_20BuiltinDataAllocatorEPPv
                0x0000000000012444        0x4 gen/libtflm.a(flatbuffer_conversions.o)
                0x0000000000012444                tflite::ParseNeg(tflite::Operator const*, tflite::ErrorReporter*, tflite::BuiltinDataAllocator*, void**)
 .text._ZN6tflite13ParseNotEqualEPKNS_8OperatorEPNS_13ErrorReporterEPNS_20BuiltinDataAllocatorEPPv
                0x0000000000012448        0x4 gen/libtflm.a(flatbuffer_conversions.o)
                0x0000000000012448                tflite::ParseNotEqual(tflite::Operator const*, tflite::ErrorReporter*, tflite::BuiltinDataAllocator*, void**)
 .text._ZN6tflite9ParsePackEPKNS_8OperatorEPNS_13ErrorReporterEPNS_20BuiltinDataAllocatorEPPv
                0x000000000001244c       0x94 gen/libtflm.a(flatbuffer_conversions.o)
                0x000000000001244c                tflite::ParsePack(tflite::Operator const*, tflite::ErrorReporter*, tflite::BuiltinDataAllocator*, void**)
 .text._ZN6tflite8ParsePadEPKNS_8OperatorEPNS_13ErrorReporterEPNS_20BuiltinDataAllocatorEPPv
                0x00000000000124e0        0x4 gen/libtflm.a(flatbuffer_conversions.o)
                0x00000000000124e0                tflite::ParsePad(tflite::Operator const*, tflite::ErrorReporter*, tflite::BuiltinDataAllocator*, void**)
 .text._ZN6tflite10ParsePadV2EPKNS_8OperatorEPNS_13ErrorReporterEPNS_20BuiltinDataAllocatorEPPv
                0x00000000000124e4        0x4 gen/libtflm.a(flatbuffer_conversions.o)
                0x00000000000124e4                tflite::ParsePadV2(tflite::Operator const*, tflite::ErrorReporter*, tflite::BuiltinDataAllocator*, void**)
 .text._ZN6tflite9ParsePoolEPKNS_8OperatorEPNS_13ErrorReporterEPNS_20BuiltinDataAllocatorEPPv
                0x00000000000124e8       0xec gen/libtflm.a(flatbuffer_conversions.o)
                0x00000000000124e8                tflite::ParsePool(tflite::Operator const*, tflite::ErrorReporter*, tflite::BuiltinDataAllocator*, void**)
 .text._ZN6tflite10ParsePreluEPKNS_8OperatorEPNS_13ErrorReporterEPNS_20BuiltinDataAllocatorEPPv
                0x00000000000125d4        0x4 gen/libtflm.a(flatbuffer_conversions.o)
                0x00000000000125d4                tflite::ParsePrelu(tflite::Operator const*, tflite::ErrorReporter*, tflite::BuiltinDataAllocator*, void**)
 .text._ZN6tflite13ParseQuantizeEPKNS_8OperatorEPNS_13ErrorReporterEPNS_20BuiltinDataAllocatorEPPv
                0x00000000000125d8        0x4 gen/libtflm.a(flatbuffer_conversions.o)
                0x00000000000125d8                tflite::ParseQuantize(tflite::Operator const*, tflite::ErrorReporter*, tflite::BuiltinDataAllocator*, void**)
 .text._ZN6tflite17ParseReadVariableEPKNS_8OperatorEPNS_13ErrorReporterEPNS_20BuiltinDataAllocatorEPPv
                0x00000000000125dc        0x4 gen/libtflm.a(flatbuffer_conversions.o)
                0x00000000000125dc                tflite::ParseReadVariable(tflite::Operator const*, tflite::ErrorReporter*, tflite::BuiltinDataAllocator*, void**)
 .text._ZN6tflite12ParseReducerEPKNS_8OperatorEPNS_13ErrorReporterEPNS_20BuiltinDataAllocatorEPPv
                0x00000000000125e0       0x88 gen/libtflm.a(flatbuffer_conversions.o)
                0x00000000000125e0                tflite::ParseReducer(tflite::Operator const*, tflite::ErrorReporter*, tflite::BuiltinDataAllocator*, void**)
 .text._ZN6tflite9ParseReluEPKNS_8OperatorEPNS_13ErrorReporterEPNS_20BuiltinDataAllocatorEPPv
                0x0000000000012668        0x4 gen/libtflm.a(flatbuffer_conversions.o)
                0x0000000000012668                tflite::ParseRelu(tflite::Operator const*, tflite::ErrorReporter*, tflite::BuiltinDataAllocator*, void**)
 .text._ZN6tflite10ParseRelu6EPKNS_8OperatorEPNS_13ErrorReporterEPNS_20BuiltinDataAllocatorEPPv
                0x000000000001266c        0x4 gen/libtflm.a(flatbuffer_conversions.o)
                0x000000000001266c                tflite::ParseRelu6(tflite::Operator const*, tflite::ErrorReporter*, tflite::BuiltinDataAllocator*, void**)
 .text._ZN6tflite12ParseReshapeEPKNS_8OperatorEPNS_13ErrorReporterEPNS_20BuiltinDataAllocatorEPPv
                0x0000000000012670      0x100 gen/libtflm.a(flatbuffer_conversions.o)
                0x0000000000012670                tflite::ParseReshape(tflite::Operator const*, tflite::ErrorReporter*, tflite::BuiltinDataAllocator*, void**)
 .text._ZN6tflite19ParseResizeBilinearEPKNS_8OperatorEPNS_13ErrorReporterEPNS_20BuiltinDataAllocatorEPPv
                0x0000000000012770       0xa0 gen/libtflm.a(flatbuffer_conversions.o)
                0x0000000000012770                tflite::ParseResizeBilinear(tflite::Operator const*, tflite::ErrorReporter*, tflite::BuiltinDataAllocator*, void**)
 .text._ZN6tflite26ParseResizeNearestNeighborEPKNS_8OperatorEPNS_13ErrorReporterEPNS_20BuiltinDataAllocatorEPPv
                0x0000000000012810       0xa0 gen/libtflm.a(flatbuffer_conversions.o)
                0x0000000000012810                tflite::ParseResizeNearestNeighbor(tflite::Operator const*, tflite::ErrorReporter*, tflite::BuiltinDataAllocator*, void**)
 .text._ZN6tflite10ParseRoundEPKNS_8OperatorEPNS_13ErrorReporterEPNS_20BuiltinDataAllocatorEPPv
                0x00000000000128b0        0x4 gen/libtflm.a(flatbuffer_conversions.o)
                0x00000000000128b0                tflite::ParseRound(tflite::Operator const*, tflite::ErrorReporter*, tflite::BuiltinDataAllocator*, void**)
 .text._ZN6tflite10ParseRsqrtEPKNS_8OperatorEPNS_13ErrorReporterEPNS_20BuiltinDataAllocatorEPPv
                0x00000000000128b4        0x4 gen/libtflm.a(flatbuffer_conversions.o)
                0x00000000000128b4                tflite::ParseRsqrt(tflite::Operator const*, tflite::ErrorReporter*, tflite::BuiltinDataAllocator*, void**)
 .text._ZN6tflite10ParseShapeEPKNS_8OperatorEPNS_13ErrorReporterEPNS_20BuiltinDataAllocatorEPPv
                0x00000000000128b8       0xa8 gen/libtflm.a(flatbuffer_conversions.o)
                0x00000000000128b8                tflite::ParseShape(tflite::Operator const*, tflite::ErrorReporter*, tflite::BuiltinDataAllocator*, void**)
 .text._ZN6tflite8ParseSinEPKNS_8OperatorEPNS_13ErrorReporterEPNS_20BuiltinDataAllocatorEPPv
                0x0000000000012960        0x4 gen/libtflm.a(flatbuffer_conversions.o)
                0x0000000000012960                tflite::ParseSin(tflite::Operator const*, tflite::ErrorReporter*, tflite::BuiltinDataAllocator*, void**)
 .text._ZN6tflite10ParseSliceEPKNS_8OperatorEPNS_13ErrorReporterEPNS_20BuiltinDataAllocatorEPPv
                0x0000000000012964        0x4 gen/libtflm.a(flatbuffer_conversions.o)
                0x0000000000012964                tflite::ParseSlice(tflite::Operator const*, tflite::ErrorReporter*, tflite::BuiltinDataAllocator*, void**)
 .text._ZN6tflite12ParseSoftmaxEPKNS_8OperatorEPNS_13ErrorReporterEPNS_20BuiltinDataAllocatorEPPv
                0x0000000000012968       0x84 gen/libtflm.a(flatbuffer_conversions.o)
                0x0000000000012968                tflite::ParseSoftmax(tflite::Operator const*, tflite::ErrorReporter*, tflite::BuiltinDataAllocator*, void**)
 .text._ZN6tflite19ParseSpaceToBatchNdEPKNS_8OperatorEPNS_13ErrorReporterEPNS_20BuiltinDataAllocatorEPPv
                0x00000000000129ec        0x4 gen/libtflm.a(flatbuffer_conversions.o)
                0x00000000000129ec                tflite::ParseSpaceToBatchNd(tflite::Operator const*, tflite::ErrorReporter*, tflite::BuiltinDataAllocator*, void**)
 .text._ZN6tflite17ParseSpaceToDepthEPKNS_8OperatorEPNS_13ErrorReporterEPNS_20BuiltinDataAllocatorEPPv
                0x00000000000129f0       0x80 gen/libtflm.a(flatbuffer_conversions.o)
                0x00000000000129f0                tflite::ParseSpaceToDepth(tflite::Operator const*, tflite::ErrorReporter*, tflite::BuiltinDataAllocator*, void**)
 .text._ZN6tflite10ParseSplitEPKNS_8OperatorEPNS_13ErrorReporterEPNS_20BuiltinDataAllocatorEPPv
                0x0000000000012a70       0x80 gen/libtflm.a(flatbuffer_conversions.o)
                0x0000000000012a70                tflite::ParseSplit(tflite::Operator const*, tflite::ErrorReporter*, tflite::BuiltinDataAllocator*, void**)
 .text._ZN6tflite11ParseSplitVEPKNS_8OperatorEPNS_13ErrorReporterEPNS_20BuiltinDataAllocatorEPPv
                0x0000000000012af0       0x80 gen/libtflm.a(flatbuffer_conversions.o)
                0x0000000000012af0                tflite::ParseSplitV(tflite::Operator const*, tflite::ErrorReporter*, tflite::BuiltinDataAllocator*, void**)
 .text._ZN6tflite12ParseSqueezeEPKNS_8OperatorEPNS_13ErrorReporterEPNS_20BuiltinDataAllocatorEPPv
                0x0000000000012b70      0x100 gen/libtflm.a(flatbuffer_conversions.o)
                0x0000000000012b70                tflite::ParseSqueeze(tflite::Operator const*, tflite::ErrorReporter*, tflite::BuiltinDataAllocator*, void**)
 .text._ZN6tflite9ParseSqrtEPKNS_8OperatorEPNS_13ErrorReporterEPNS_20BuiltinDataAllocatorEPPv
                0x0000000000012c70        0x4 gen/libtflm.a(flatbuffer_conversions.o)
                0x0000000000012c70                tflite::ParseSqrt(tflite::Operator const*, tflite::ErrorReporter*, tflite::BuiltinDataAllocator*, void**)
 .text._ZN6tflite11ParseSquareEPKNS_8OperatorEPNS_13ErrorReporterEPNS_20BuiltinDataAllocatorEPPv
                0x0000000000012c74        0x4 gen/libtflm.a(flatbuffer_conversions.o)
                0x0000000000012c74                tflite::ParseSquare(tflite::Operator const*, tflite::ErrorReporter*, tflite::BuiltinDataAllocator*, void**)
 .text._ZN6tflite17ParseStridedSliceEPKNS_8OperatorEPNS_13ErrorReporterEPNS_20BuiltinDataAllocatorEPPv
                0x0000000000012c78       0xc0 gen/libtflm.a(flatbuffer_conversions.o)
                0x0000000000012c78                tflite::ParseStridedSlice(tflite::Operator const*, tflite::ErrorReporter*, tflite::BuiltinDataAllocator*, void**)
 .text._ZN6tflite8ParseSubEPKNS_8OperatorEPNS_13ErrorReporterEPNS_20BuiltinDataAllocatorEPPv
                0x0000000000012d38       0xa4 gen/libtflm.a(flatbuffer_conversions.o)
                0x0000000000012d38                tflite::ParseSub(tflite::Operator const*, tflite::ErrorReporter*, tflite::BuiltinDataAllocator*, void**)
 .text._ZN6tflite9ParseSvdfEPKNS_8OperatorEPNS_13ErrorReporterEPNS_20BuiltinDataAllocatorEPPv
                0x0000000000012ddc       0xb4 gen/libtflm.a(flatbuffer_conversions.o)
                0x0000000000012ddc                tflite::ParseSvdf(tflite::Operator const*, tflite::ErrorReporter*, tflite::BuiltinDataAllocator*, void**)
 .text._ZN6tflite9ParseTanhEPKNS_8OperatorEPNS_13ErrorReporterEPNS_20BuiltinDataAllocatorEPPv
                0x0000000000012e90        0x4 gen/libtflm.a(flatbuffer_conversions.o)
                0x0000000000012e90                tflite::ParseTanh(tflite::Operator const*, tflite::ErrorReporter*, tflite::BuiltinDataAllocator*, void**)
 .text._ZN6tflite14ParseTransposeEPKNS_8OperatorEPNS_13ErrorReporterEPNS_20BuiltinDataAllocatorEPPv
                0x0000000000012e94        0x4 gen/libtflm.a(flatbuffer_conversions.o)
                0x0000000000012e94                tflite::ParseTranspose(tflite::Operator const*, tflite::ErrorReporter*, tflite::BuiltinDataAllocator*, void**)
 .text._ZN6tflite18ParseTransposeConvEPKNS_8OperatorEPNS_13ErrorReporterEPNS_20BuiltinDataAllocatorEPPv
                0x0000000000012e98       0xb4 gen/libtflm.a(flatbuffer_conversions.o)
                0x0000000000012e98                tflite::ParseTransposeConv(tflite::Operator const*, tflite::ErrorReporter*, tflite::BuiltinDataAllocator*, void**)
 .text._ZN6tflite11ParseUnpackEPKNS_8OperatorEPNS_13ErrorReporterEPNS_20BuiltinDataAllocatorEPPv
                0x0000000000012f4c       0x94 gen/libtflm.a(flatbuffer_conversions.o)
                0x0000000000012f4c                tflite::ParseUnpack(tflite::Operator const*, tflite::ErrorReporter*, tflite::BuiltinDataAllocator*, void**)
 .text._ZN6tflite14ParseVarHandleEPKNS_8OperatorEPNS_13ErrorReporterEPNS_20BuiltinDataAllocatorEPPv
                0x0000000000012fe0       0xa0 gen/libtflm.a(flatbuffer_conversions.o)
                0x0000000000012fe0                tflite::ParseVarHandle(tflite::Operator const*, tflite::ErrorReporter*, tflite::BuiltinDataAllocator*, void**)
 .text._ZN6tflite14ParseZerosLikeEPKNS_8OperatorEPNS_13ErrorReporterEPNS_20BuiltinDataAllocatorEPPv
                0x0000000000013080        0x4 gen/libtflm.a(flatbuffer_conversions.o)
                0x0000000000013080                tflite::ParseZerosLike(tflite::Operator const*, tflite::ErrorReporter*, tflite::BuiltinDataAllocator*, void**)
 .text._ZN6tflite25GetRegistrationFromOpCodeEPKNS_12OperatorCodeERKNS_10OpResolverEPNS_13ErrorReporterEPPK18TfLiteRegistration
                0x0000000000013084       0xc4 gen/libtflm.a(op_resolver.o)
                0x0000000000013084                tflite::GetRegistrationFromOpCode(tflite::OperatorCode const*, tflite::OpResolver const&, tflite::ErrorReporter*, TfLiteRegistration const**)
 .text._ZN6tflite14GetBuiltinCodeEPKNS_12OperatorCodeE
                0x0000000000013148       0x2c gen/libtflm.a(schema_utils.o)
                0x0000000000013148                tflite::GetBuiltinCode(tflite::OperatorCode const*)
 .text.TfLiteIntArrayGetSizeInBytes
                0x0000000000013174        0x8 gen/libtflm.a(common.o)
                0x0000000000013174                TfLiteIntArrayGetSizeInBytes
 .text.TfLiteIntArrayEqual
                0x000000000001317c       0x48 gen/libtflm.a(common.o)
                0x000000000001317c                TfLiteIntArrayEqual
 .text.TfLiteTypeGetName
                0x00000000000131c4       0x18 gen/libtflm.a(common.o)
                0x00000000000131c4                TfLiteTypeGetName
 .text.NMI_Handler
                0x00000000000131dc        0x4 gen/libtflm.a(startup_gcc.o)
                0x00000000000131dc                NMI_Handler
 .text.HardFault_Handler
                0x00000000000131e0        0x4 gen/libtflm.a(startup_gcc.o)
                0x00000000000131e0                HardFault_Handler
                0x00000000000131e0                UsageFault_Handler
                0x00000000000131e0                MemManage_Handler
                0x00000000000131e0                BusFault_Handler
 .text.am_default_isr
                0x00000000000131e4        0x4 gen/libtflm.a(startup_gcc.o)
                0x00000000000131e4                am_default_isr
                0x00000000000131e4                am_iomaster4_isr
                0x00000000000131e4                SysTick_Handler
                0x00000000000131e4                PendSV_Handler
                0x00000000000131e4                am_rtc_isr
                0x00000000000131e4                am_stimer_cmpr3_isr
                0x00000000000131e4                am_adc_isr
                0x00000000000131e4                am_iomaster3_isr
                0x00000000000131e4                am_clkgen_isr
                0x00000000000131e4                am_stimer_isr
                0x00000000000131e4                am_software0_isr
                0x00000000000131e4                am_stimer_cmpr5_isr
                0x00000000000131e4                am_iomaster5_isr
                0x00000000000131e4                am_pdm0_isr
                0x00000000000131e4                am_uart_isr
                0x00000000000131e4                am_ctimer_isr
                0x00000000000131e4                am_ioslave_acc_isr
                0x00000000000131e4                am_mspi0_isr
                0x00000000000131e4                am_stimer_cmpr6_isr
                0x00000000000131e4                am_iomaster1_isr
                0x00000000000131e4                am_brownout_isr
                0x00000000000131e4                am_vcomp_isr
                0x00000000000131e4                am_stimer_cmpr1_isr
                0x00000000000131e4                am_gpio_isr
                0x00000000000131e4                am_iomaster2_isr
                0x00000000000131e4                SVC_Handler
                0x00000000000131e4                am_stimer_cmpr2_isr
                0x00000000000131e4                am_ioslave_ios_isr
                0x00000000000131e4                am_uart1_isr
                0x00000000000131e4                am_stimer_cmpr7_isr
                0x00000000000131e4                am_scard_isr
                0x00000000000131e4                am_watchdog_isr
                0x00000000000131e4                am_stimer_cmpr0_isr
                0x00000000000131e4                am_iomaster0_isr
                0x00000000000131e4                am_ble_isr
                0x00000000000131e4                am_stimer_cmpr4_isr
                0x00000000000131e4                DebugMon_Handler
 .text.Reset_Handler
                0x00000000000131e8       0x68 gen/libtflm.a(startup_gcc.o)
                0x00000000000131e8                Reset_Handler
 .text.divu64_10
                0x0000000000013250       0xb8 gen/libtflm.a(am_util_stdio.o)
 .text.uint64_to_str
                0x0000000000013308      0x104 gen/libtflm.a(am_util_stdio.o)
 .text.am_util_stdio_printf_init
                0x000000000001340c        0xc gen/libtflm.a(am_util_stdio.o)
                0x000000000001340c                am_util_stdio_printf_init
 .text.am_util_stdio_vsprintf
                0x0000000000013418      0x8f8 gen/libtflm.a(am_util_stdio.o)
                0x0000000000013418                am_util_stdio_vsprintf
 .text.am_util_stdio_printf
                0x0000000000013d10       0x34 gen/libtflm.a(am_util_stdio.o)
                0x0000000000013d10                am_util_stdio_printf
 .text.am_devices_led_array_init
                0x0000000000013d44       0x64 gen/libtflm.a(am_devices_led.o)
                0x0000000000013d44                am_devices_led_array_init
 .text.am_devices_led_on
                0x0000000000013da8       0x2c gen/libtflm.a(am_devices_led.o)
                0x0000000000013da8                am_devices_led_on
 .text.am_devices_led_off
                0x0000000000013dd4       0x30 gen/libtflm.a(am_devices_led.o)
                0x0000000000013dd4                am_devices_led_off
 .text.am_devices_led_array_out
                0x0000000000013e04       0xbc gen/libtflm.a(am_devices_led.o)
                0x0000000000013e04                am_devices_led_array_out
 .text._ZN6tflite12_GLOBAL__N_17EluInitEP13TfLiteContextPKcj
                0x0000000000013ec0        0x8 gen/libtflm.a(elu.o)
 .text._ZN6tflite12_GLOBAL__N_17EluEvalEP13TfLiteContextP10TfLiteNode
                0x0000000000013ec8      0x104 gen/libtflm.a(elu.o)
 .text._ZN6tflite12_GLOBAL__N_110EluPrepareEP13TfLiteContextP10TfLiteNode
                0x0000000000013fcc      0x1b0 gen/libtflm.a(elu.o)
 .text._ZN6tflite12Register_ELUEv
                0x000000000001417c       0x20 gen/libtflm.a(elu.o)
                0x000000000001417c                tflite::Register_ELU()
 .text._ZN6tflite3ops5micro13concatenation4InitEP13TfLiteContextPKcj
                0x000000000001419c        0x8 gen/libtflm.a(concatenation.o)
                0x000000000001419c                tflite::ops::micro::concatenation::Init(TfLiteContext*, char const*, unsigned int)
 .text._ZN6tflite3ops5micro13concatenation7PrepareEP13TfLiteContextP10TfLiteNode
                0x00000000000141a4      0x2dc gen/libtflm.a(concatenation.o)
                0x00000000000141a4                tflite::ops::micro::concatenation::Prepare(TfLiteContext*, TfLiteNode*)
 .text._ZN6tflite3ops5micro22Register_CONCATENATIONEv
                0x0000000000014480       0x20 gen/libtflm.a(concatenation.o)
                0x0000000000014480                tflite::ops::micro::Register_CONCATENATION()
 .text._ZN6tflite3ops5micro13concatenation15EvalUnquantizedIfEEvP13TfLiteContextP10TfLiteNode
                0x00000000000144a0      0x224 gen/libtflm.a(concatenation.o)
                0x00000000000144a0                void tflite::ops::micro::concatenation::EvalUnquantized<float>(TfLiteContext*, TfLiteNode*)
 .text._ZN6tflite3ops5micro13concatenation15EvalUnquantizedIlEEvP13TfLiteContextP10TfLiteNode
                0x00000000000146c4      0x224 gen/libtflm.a(concatenation.o)
                0x00000000000146c4                void tflite::ops::micro::concatenation::EvalUnquantized<long>(TfLiteContext*, TfLiteNode*)
 .text._ZN6tflite3ops5micro13concatenation15EvalUnquantizedIaEEvP13TfLiteContextP10TfLiteNode
                0x00000000000148e8      0x21c gen/libtflm.a(concatenation.o)
                0x00000000000148e8                void tflite::ops::micro::concatenation::EvalUnquantized<signed char>(TfLiteContext*, TfLiteNode*)
 .text._ZN6tflite3ops5micro13concatenation15EvalUnquantizedIxEEvP13TfLiteContextP10TfLiteNode
                0x0000000000014b04      0x224 gen/libtflm.a(concatenation.o)
                0x0000000000014b04                void tflite::ops::micro::concatenation::EvalUnquantized<long long>(TfLiteContext*, TfLiteNode*)
 .text._ZN6tflite3ops5micro13concatenation15EvalUnquantizedIsEEvP13TfLiteContextP10TfLiteNode
                0x0000000000014d28      0x224 gen/libtflm.a(concatenation.o)
                0x0000000000014d28                void tflite::ops::micro::concatenation::EvalUnquantized<short>(TfLiteContext*, TfLiteNode*)
 .text._ZN6tflite3ops5micro13concatenation4EvalEP13TfLiteContextP10TfLiteNode
                0x0000000000014f4c       0xa8 gen/libtflm.a(concatenation.o)
                0x0000000000014f4c                tflite::ops::micro::concatenation::Eval(TfLiteContext*, TfLiteNode*)
 .text._ZN6tflite12_GLOBAL__N_17PrepareEP13TfLiteContextP10TfLiteNode
                0x0000000000014ff4      0x2a8 gen/libtflm.a(squeeze.o)
 .text._ZN6tflite12_GLOBAL__N_14EvalEP13TfLiteContextP10TfLiteNode
                0x000000000001529c       0x80 gen/libtflm.a(squeeze.o)
 .text._ZN6tflite16Register_SQUEEZEEv
                0x000000000001531c       0x20 gen/libtflm.a(squeeze.o)
                0x000000000001531c                tflite::Register_SQUEEZE()
 .text._ZN6tflite12_GLOBAL__N_17PrepareEP13TfLiteContextP10TfLiteNode
                0x000000000001533c       0x1c gen/libtflm.a(read_variable.o)
 .text._ZN6tflite12_GLOBAL__N_14EvalEP13TfLiteContextP10TfLiteNode
                0x0000000000015358       0x40 gen/libtflm.a(read_variable.o)
 .text._ZN6tflite22Register_READ_VARIABLEEv
                0x0000000000015398       0x20 gen/libtflm.a(read_variable.o)
                0x0000000000015398                tflite::Register_READ_VARIABLE()
 .text._ZN6tflite12_GLOBAL__N_17PrepareEP13TfLiteContextP10TfLiteNode
                0x00000000000153b8      0x178 gen/libtflm.a(batch_to_space_nd.o)
 .text._ZN6tflite12_GLOBAL__N_14EvalEP13TfLiteContextP10TfLiteNode
                0x0000000000015530      0x374 gen/libtflm.a(batch_to_space_nd.o)
 .text._ZN6tflite26Register_BATCH_TO_SPACE_NDEv
                0x00000000000158a4       0x20 gen/libtflm.a(batch_to_space_nd.o)
                0x00000000000158a4                tflite::Register_BATCH_TO_SPACE_ND()
 .text._ZN6tflite12_GLOBAL__N_17PrepareEP13TfLiteContextP10TfLiteNode
                0x00000000000158c4      0x2d0 gen/libtflm.a(cumsum.o)
 .text._ZN6tflite12_GLOBAL__N_14EvalEP13TfLiteContextP10TfLiteNode
                0x0000000000015b94      0xa08 gen/libtflm.a(cumsum.o)
 .text._ZN6tflite15Register_CUMSUMEv
                0x000000000001659c       0x20 gen/libtflm.a(cumsum.o)
                0x000000000001659c                tflite::Register_CUMSUM()
 .text._ZN6tflite12_GLOBAL__N_19L2PrepareEP13TfLiteContextP10TfLiteNode
                0x00000000000165bc      0x2d8 gen/libtflm.a(l2_pool_2d.o)
 .text._ZN6tflite12_GLOBAL__N_16L2EvalEP13TfLiteContextP10TfLiteNode
                0x0000000000016894      0x2a8 gen/libtflm.a(l2_pool_2d.o)
 .text._ZN6tflite19Register_L2_POOL_2DEv
                0x0000000000016b3c       0x20 gen/libtflm.a(l2_pool_2d.o)
                0x0000000000016b3c                tflite::Register_L2_POOL_2D()
 .text._ZN6tflite12_GLOBAL__N_14InitEP13TfLiteContextPKcj
                0x0000000000016b5c        0x4 gen/libtflm.a(floor_mod.o)
 .text._ZN6tflite12_GLOBAL__N_17PrepareEP13TfLiteContextP10TfLiteNode
                0x0000000000016b60      0x184 gen/libtflm.a(floor_mod.o)
 .text._ZN6tflite12_GLOBAL__N_14EvalEP13TfLiteContextP10TfLiteNode
                0x0000000000016ce4      0x3b4 gen/libtflm.a(floor_mod.o)
 .text._ZN6tflite18Register_FLOOR_MODEv
                0x0000000000017098       0x20 gen/libtflm.a(floor_mod.o)
                0x0000000000017098                tflite::Register_FLOOR_MOD()
 .text._ZN6tflite12_GLOBAL__N_14InitEP13TfLiteContextPKcj
                0x00000000000170b8        0x8 gen/libtflm.a(if.o)
 .text._ZN6tflite12_GLOBAL__N_17PrepareEP13TfLiteContextP10TfLiteNode
                0x00000000000170c0      0x324 gen/libtflm.a(if.o)
 .text._ZN6tflite12_GLOBAL__N_129CopyInputBetweenIfAndSubgraphEP13TfLiteContextP10TfLiteNodeRNS_10MicroGraphEiNS0_18CopyInputDirectionE.isra.0
                0x00000000000173e4       0xf4 gen/libtflm.a(if.o)
 .text._ZN6tflite12_GLOBAL__N_130CopyOutputBetweenIfAndSubgraphEP13TfLiteContextP10TfLiteNodeRNS_10MicroGraphEiNS0_19CopyOutputDirectionE.isra.0
                0x00000000000174d8       0xf0 gen/libtflm.a(if.o)
 .text._ZN6tflite12_GLOBAL__N_14EvalEP13TfLiteContextP10TfLiteNode
                0x00000000000175c8       0xd8 gen/libtflm.a(if.o)
 .text._ZN6tflite11Register_IFEv
                0x00000000000176a0       0x20 gen/libtflm.a(if.o)
                0x00000000000176a0                tflite::Register_IF()
 .text._ZN6tflite12_GLOBAL__N_17PrepareEP13TfLiteContextP10TfLiteNode
                0x00000000000176c0      0x1fc gen/libtflm.a(exp.o)
 .text._ZN6tflite12_GLOBAL__N_14EvalEP13TfLiteContextP10TfLiteNode
                0x00000000000178bc       0x94 gen/libtflm.a(exp.o)
 .text._ZN6tflite12Register_EXPEv
                0x0000000000017950       0x20 gen/libtflm.a(exp.o)
                0x0000000000017950                tflite::Register_EXP()
 .text._ZN6tflite12_GLOBAL__N_14InitEP13TfLiteContextPKcj
                0x0000000000017970        0x8 gen/libtflm.a(space_to_batch_nd.o)
 .text._ZN6tflite12_GLOBAL__N_17PrepareEP13TfLiteContextP10TfLiteNode
                0x0000000000017978      0x178 gen/libtflm.a(space_to_batch_nd.o)
 .text._ZN6tflite12_GLOBAL__N_14EvalEP13TfLiteContextP10TfLiteNode
                0x0000000000017af0      0x42c gen/libtflm.a(space_to_batch_nd.o)
 .text._ZN6tflite26Register_SPACE_TO_BATCH_NDEv
                0x0000000000017f1c       0x20 gen/libtflm.a(space_to_batch_nd.o)
                0x0000000000017f1c                tflite::Register_SPACE_TO_BATCH_ND()
 .text._ZN6tflite12_GLOBAL__N_14InitEP13TfLiteContextPKcj
                0x0000000000017f3c        0x8 gen/libtflm.a(var_handle.o)
 .text._ZN6tflite12_GLOBAL__N_14EvalEP13TfLiteContextP10TfLiteNode
                0x0000000000017f44       0x14 gen/libtflm.a(var_handle.o)
 .text._ZN6tflite12_GLOBAL__N_17PrepareEP13TfLiteContextP10TfLiteNode
                0x0000000000017f58       0x44 gen/libtflm.a(var_handle.o)
 .text._ZN6tflite19Register_VAR_HANDLEEv
                0x0000000000017f9c       0x20 gen/libtflm.a(var_handle.o)
                0x0000000000017f9c                tflite::Register_VAR_HANDLE()
 .text._ZN6tflite3ops5micro5round7PrepareEP13TfLiteContextP10TfLiteNode
                0x0000000000017fbc      0x204 gen/libtflm.a(round.o)
                0x0000000000017fbc                tflite::ops::micro::round::Prepare(TfLiteContext*, TfLiteNode*)
 .text._ZN6tflite3ops5micro5round4EvalEP13TfLiteContextP10TfLiteNode
                0x00000000000181c0       0xac gen/libtflm.a(round.o)
                0x00000000000181c0                tflite::ops::micro::round::Eval(TfLiteContext*, TfLiteNode*)
 .text._ZN6tflite3ops5micro14Register_ROUNDEv
                0x000000000001826c       0x20 gen/libtflm.a(round.o)
                0x000000000001826c                tflite::ops::micro::Register_ROUND()
 .text._ZN6tflite3ops5micro13strided_slice4InitEP13TfLiteContextPKcj
                0x000000000001828c        0x8 gen/libtflm.a(strided_slice.o)
                0x000000000001828c                tflite::ops::micro::strided_slice::Init(TfLiteContext*, char const*, unsigned int)
 .text._Z9AbortImplv
                0x0000000000018294       0x10 gen/libtflm.a(strided_slice.o)
                0x0000000000018294                AbortImpl()
 .text._ZN6tflite3ops5micro13strided_slice4EvalEP13TfLiteContextP10TfLiteNode
                0x00000000000182a4     0x2578 gen/libtflm.a(strided_slice.o)
                0x00000000000182a4                tflite::ops::micro::strided_slice::Eval(TfLiteContext*, TfLiteNode*)
 .text._ZN6tflite3ops5micro13strided_slice15CheckOutputSizeEP13TfLiteContextPNS2_19StridedSliceContextE
                0x000000000001a81c      0x490 gen/libtflm.a(strided_slice.o)
                0x000000000001a81c                tflite::ops::micro::strided_slice::CheckOutputSize(TfLiteContext*, tflite::ops::micro::strided_slice::StridedSliceContext*)
 .text._ZN6tflite3ops5micro13strided_slice7PrepareEP13TfLiteContextP10TfLiteNode
                0x000000000001acac      0x2c8 gen/libtflm.a(strided_slice.o)
                0x000000000001acac                tflite::ops::micro::strided_slice::Prepare(TfLiteContext*, TfLiteNode*)
 .text._ZN6tflite3ops5micro22Register_STRIDED_SLICEEv
                0x000000000001af74       0x20 gen/libtflm.a(strided_slice.o)
                0x000000000001af74                tflite::ops::micro::Register_STRIDED_SLICE()
 .text._ZN6tflite9PreluInitEP13TfLiteContextPKcj
                0x000000000001af94        0x8 gen/libtflm.a(prelu.o)
                0x000000000001af94                tflite::PreluInit(TfLiteContext*, char const*, unsigned int)
 .text._ZN6tflite9PreluEvalEP13TfLiteContextP10TfLiteNode
                0x000000000001af9c      0x744 gen/libtflm.a(prelu.o)
                0x000000000001af9c                tflite::PreluEval(TfLiteContext*, TfLiteNode*)
 .text._ZN6tflite14Register_PRELUEv
                0x000000000001b6e0       0x20 gen/libtflm.a(prelu.o)
                0x000000000001b6e0                tflite::Register_PRELU()
 .text._ZN6tflite3ops5micro5split7PrepareEP13TfLiteContextP10TfLiteNode
                0x000000000001b700       0x60 gen/libtflm.a(split.o)
                0x000000000001b700                tflite::ops::micro::split::Prepare(TfLiteContext*, TfLiteNode*)
 .text._ZN6tflite3ops5micro14Register_SPLITEv
                0x000000000001b760       0x20 gen/libtflm.a(split.o)
                0x000000000001b760                tflite::ops::micro::Register_SPLIT()
 .text._ZN6tflite3ops5micro5split9SplitImplIfEE12TfLiteStatusP13TfLiteContextP10TfLiteNodePK16TfLiteEvalTensori
                0x000000000001b780      0x130 gen/libtflm.a(split.o)
                0x000000000001b780                TfLiteStatus tflite::ops::micro::split::SplitImpl<float>(TfLiteContext*, TfLiteNode*, TfLiteEvalTensor const*, int)
 .text._ZN6tflite3ops5micro5split9SplitImplIaEE12TfLiteStatusP13TfLiteContextP10TfLiteNodePK16TfLiteEvalTensori
                0x000000000001b8b0      0x17c gen/libtflm.a(split.o)
                0x000000000001b8b0                TfLiteStatus tflite::ops::micro::split::SplitImpl<signed char>(TfLiteContext*, TfLiteNode*, TfLiteEvalTensor const*, int)
 .text._ZN6tflite3ops5micro5split9SplitImplIsEE12TfLiteStatusP13TfLiteContextP10TfLiteNodePK16TfLiteEvalTensori
                0x000000000001ba2c      0x16c gen/libtflm.a(split.o)
                0x000000000001ba2c                TfLiteStatus tflite::ops::micro::split::SplitImpl<short>(TfLiteContext*, TfLiteNode*, TfLiteEvalTensor const*, int)
 .text._ZN6tflite3ops5micro5split9SplitImplIlEE12TfLiteStatusP13TfLiteContextP10TfLiteNodePK16TfLiteEvalTensori
                0x000000000001bb98      0x184 gen/libtflm.a(split.o)
                0x000000000001bb98                TfLiteStatus tflite::ops::micro::split::SplitImpl<long>(TfLiteContext*, TfLiteNode*, TfLiteEvalTensor const*, int)
 .text._ZN6tflite3ops5micro5split4EvalEP13TfLiteContextP10TfLiteNode
                0x000000000001bd1c       0xc8 gen/libtflm.a(split.o)
                0x000000000001bd1c                tflite::ops::micro::split::Eval(TfLiteContext*, TfLiteNode*)
 .text._ZN6tflite12_GLOBAL__N_17PrepareEP13TfLiteContextP10TfLiteNode
                0x000000000001bde4      0x1ac gen/libtflm.a(transpose.o)
 .text._ZN6tflite18Register_TRANSPOSEEv
                0x000000000001bf90       0x20 gen/libtflm.a(transpose.o)
                0x000000000001bf90                tflite::Register_TRANSPOSE()
 .text._ZN6tflite15NDOpsHelperImplILi5ELi1EZNS_13reference_ops13TransposeImplIaLi5EEEvRKNS_15TransposeParamsERKNS_12RuntimeShapeEPKT_S8_PS9_EUlPiE_EENSt9enable_ifIXneT0_miT_Li1EEvE4typeERKNS_11NdArrayDescIXT_EEERKT1_SD_
                0x000000000001bfb0      0x104 gen/libtflm.a(transpose.o)
                0x000000000001bfb0                std::enable_if<(1)!=((5)-(1)), void>::type tflite::NDOpsHelperImpl<5, 1, tflite::reference_ops::TransposeImpl<signed char, 5>(tflite::TransposeParams const&, tflite::RuntimeShape const&, signed char const*, tflite::RuntimeShape const&, signed char*)::{lambda(int*)#1}>(tflite::NdArrayDesc<5> const&, tflite::reference_ops::TransposeImpl<signed char, 5>(tflite::TransposeParams const&, tflite::RuntimeShape const&, signed char const*, tflite::RuntimeShape const&, signed char*)::{lambda(int*)#1} const&, int*)
 .text._ZN6tflite13reference_ops13TransposeImplIaLi5EEEvRKNS_15TransposeParamsERKNS_12RuntimeShapeEPKT_S7_PS8_
                0x000000000001c0b4      0x21c gen/libtflm.a(transpose.o)
                0x000000000001c0b4                void tflite::reference_ops::TransposeImpl<signed char, 5>(tflite::TransposeParams const&, tflite::RuntimeShape const&, signed char const*, tflite::RuntimeShape const&, signed char*)
 .text._ZN6tflite15NDOpsHelperImplILi5ELi1EZNS_13reference_ops13TransposeImplIlLi5EEEvRKNS_15TransposeParamsERKNS_12RuntimeShapeEPKT_S8_PS9_EUlPiE_EENSt9enable_ifIXneT0_miT_Li1EEvE4typeERKNS_11NdArrayDescIXT_EEERKT1_SD_
                0x000000000001c2d0      0x160 gen/libtflm.a(transpose.o)
                0x000000000001c2d0                std::enable_if<(1)!=((5)-(1)), void>::type tflite::NDOpsHelperImpl<5, 1, tflite::reference_ops::TransposeImpl<long, 5>(tflite::TransposeParams const&, tflite::RuntimeShape const&, long const*, tflite::RuntimeShape const&, long*)::{lambda(int*)#1}>(tflite::NdArrayDesc<5> const&, tflite::reference_ops::TransposeImpl<long, 5>(tflite::TransposeParams const&, tflite::RuntimeShape const&, long const*, tflite::RuntimeShape const&, long*)::{lambda(int*)#1} const&, int*)
 .text._ZN6tflite13reference_ops13TransposeImplIlLi5EEEvRKNS_15TransposeParamsERKNS_12RuntimeShapeEPKT_S7_PS8_
                0x000000000001c430      0x21c gen/libtflm.a(transpose.o)
                0x000000000001c430                void tflite::reference_ops::TransposeImpl<long, 5>(tflite::TransposeParams const&, tflite::RuntimeShape const&, long const*, tflite::RuntimeShape const&, long*)
 .text._ZN6tflite12_GLOBAL__N_14EvalEP13TfLiteContextP10TfLiteNode
                0x000000000001c64c      0x118 gen/libtflm.a(transpose.o)
 .text._ZN6tflite12_GLOBAL__N_14EvalEP13TfLiteContextP10TfLiteNode
                0x000000000001c764       0x40 gen/libtflm.a(assign_variable.o)
 .text._ZN6tflite12_GLOBAL__N_17PrepareEP13TfLiteContextP10TfLiteNode
                0x000000000001c7a4      0x15c gen/libtflm.a(assign_variable.o)
 .text._ZN6tflite24Register_ASSIGN_VARIABLEEv
                0x000000000001c900       0x20 gen/libtflm.a(assign_variable.o)
                0x000000000001c900                tflite::Register_ASSIGN_VARIABLE()
 .text._ZN6tflite5micro19GetMutableEvalInputEPK13TfLiteContextPK10TfLiteNodei
                0x000000000001c920       0x30 gen/libtflm.a(kernel_util.o)
                0x000000000001c920                tflite::micro::GetMutableEvalInput(TfLiteContext const*, TfLiteNode const*, int)
 .text._ZN6tflite5micro12GetEvalInputEPK13TfLiteContextPK10TfLiteNodei
                0x000000000001c950       0x30 gen/libtflm.a(kernel_util.o)
                0x000000000001c950                tflite::micro::GetEvalInput(TfLiteContext const*, TfLiteNode const*, int)
 .text._ZN6tflite5micro13GetEvalOutputEPK13TfLiteContextPK10TfLiteNodei
                0x000000000001c980        0xc gen/libtflm.a(kernel_util.o)
                0x000000000001c980                tflite::micro::GetEvalOutput(TfLiteContext const*, TfLiteNode const*, int)
 .text._ZN6tflite5micro14HaveSameShapesEPK16TfLiteEvalTensorS3_
                0x000000000001c98c       0x14 gen/libtflm.a(kernel_util.o)
                0x000000000001c98c                tflite::micro::HaveSameShapes(TfLiteEvalTensor const*, TfLiteEvalTensor const*)
 .text._ZN6tflite5micro14GetTensorShapeEPK16TfLiteEvalTensor
                0x000000000001c9a0       0x24 gen/libtflm.a(kernel_util.o)
                0x000000000001c9a0                tflite::micro::GetTensorShape(TfLiteEvalTensor const*)
 .text._ZN6tflite5micro18RuntimePaddingTypeE13TfLitePadding
                0x000000000001c9c4        0xc gen/libtflm.a(kernel_util.o)
                0x000000000001c9c4                tflite::micro::RuntimePaddingType(TfLitePadding)
 .text._ZN6tflite5micro32CreateWritableTensorDimsWithCopyEP13TfLiteContextP12TfLiteTensorP16TfLiteEvalTensor
                0x000000000001c9d0       0x94 gen/libtflm.a(kernel_util.o)
                0x000000000001c9d0                tflite::micro::CreateWritableTensorDimsWithCopy(TfLiteContext*, TfLiteTensor*, TfLiteEvalTensor*)
 .text._ZN6tflite12_GLOBAL__N_14EvalEP13TfLiteContextP10TfLiteNode
                0x000000000001ca64       0xc4 gen/libtflm.a(expand_dims.o)
 .text._ZN6tflite12_GLOBAL__N_17PrepareEP13TfLiteContextP10TfLiteNode
                0x000000000001cb28      0x314 gen/libtflm.a(expand_dims.o)
 .text._ZN6tflite20Register_EXPAND_DIMSEv
                0x000000000001ce3c       0x20 gen/libtflm.a(expand_dims.o)
                0x000000000001ce3c                tflite::Register_EXPAND_DIMS()
 .text._ZN6tflite12_GLOBAL__N_14InitEP13TfLiteContextPKcj
                0x000000000001ce5c        0x8 gen/libtflm.a(transpose_conv.o)
 .text._ZN6tflite12_GLOBAL__N_17PrepareEP13TfLiteContextP10TfLiteNode
                0x000000000001ce64      0x670 gen/libtflm.a(transpose_conv.o)
 .text._ZN6tflite12_GLOBAL__N_14EvalEP13TfLiteContextP10TfLiteNode
                0x000000000001d4d4     0x13c0 gen/libtflm.a(transpose_conv.o)
 .text._ZN6tflite23Register_TRANSPOSE_CONVEv
                0x000000000001e894       0x20 gen/libtflm.a(transpose_conv.o)
                0x000000000001e894                tflite::Register_TRANSPOSE_CONV()
 .text._ZN6tflite3ops5micro3pad4InitEP13TfLiteContextPKcj
                0x000000000001e8b4        0x8 gen/libtflm.a(pad.o)
                0x000000000001e8b4                tflite::ops::micro::pad::Init(TfLiteContext*, char const*, unsigned int)
 .text._ZN6tflite3ops5micro3pad7PrepareEP13TfLiteContextP10TfLiteNode
                0x000000000001e8bc      0x544 gen/libtflm.a(pad.o)
                0x000000000001e8bc                tflite::ops::micro::pad::Prepare(TfLiteContext*, TfLiteNode*)
 .text._ZN6tflite3ops5micro3pad4EvalEP13TfLiteContextP10TfLiteNode
                0x000000000001ee00     0x1564 gen/libtflm.a(pad.o)
                0x000000000001ee00                tflite::ops::micro::pad::Eval(TfLiteContext*, TfLiteNode*)
 .text._ZN6tflite3ops5micro12Register_PADEv
                0x0000000000020364       0x20 gen/libtflm.a(pad.o)
                0x0000000000020364                tflite::ops::micro::Register_PAD()
 .text._ZN6tflite3ops5micro14Register_PADV2Ev
                0x0000000000020384       0x20 gen/libtflm.a(pad.o)
                0x0000000000020384                tflite::ops::micro::Register_PADV2()
 .text._ZN6tflite14DequantizeInitEP13TfLiteContextPKcj
                0x00000000000203a4        0x8 gen/libtflm.a(dequantize.o)
                0x00000000000203a4                tflite::DequantizeInit(TfLiteContext*, char const*, unsigned int)
 .text._ZN6tflite14DequantizeEvalEP13TfLiteContextP10TfLiteNode
                0x00000000000203ac      0x174 gen/libtflm.a(dequantize.o)
                0x00000000000203ac                tflite::DequantizeEval(TfLiteContext*, TfLiteNode*)
 .text._ZN6tflite19Register_DEQUANTIZEEv
                0x0000000000020520       0x20 gen/libtflm.a(dequantize.o)
                0x0000000000020520                tflite::Register_DEQUANTIZE()
 .text._ZN6tflite3ops5micro23resize_nearest_neighbor7PrepareEP13TfLiteContextP10TfLiteNode
                0x0000000000020540      0x1a0 gen/libtflm.a(resize_nearest_neighbor.o)
                0x0000000000020540                tflite::ops::micro::resize_nearest_neighbor::Prepare(TfLiteContext*, TfLiteNode*)
 .text._ZN6tflite3ops5micro23resize_nearest_neighbor4EvalEP13TfLiteContextP10TfLiteNode
                0x00000000000206e0      0x8c8 gen/libtflm.a(resize_nearest_neighbor.o)
                0x00000000000206e0                tflite::ops::micro::resize_nearest_neighbor::Eval(TfLiteContext*, TfLiteNode*)
 .text._ZN6tflite3ops5micro32Register_RESIZE_NEAREST_NEIGHBOREv
                0x0000000000020fa8       0x20 gen/libtflm.a(resize_nearest_neighbor.o)
                0x0000000000020fa8                tflite::ops::micro::Register_RESIZE_NEAREST_NEIGHBOR()
 .text._ZN6tflite3ops5micro6unpack12_GLOBAL__N_14EvalEP13TfLiteContextP10TfLiteNode
                0x0000000000020fc8      0x3d8 gen/libtflm.a(unpack.o)
 .text._ZN6tflite3ops5micro15Register_UNPACKEv
                0x00000000000213a0       0x18 gen/libtflm.a(unpack.o)
                0x00000000000213a0                tflite::ops::micro::Register_UNPACK()
 .text._ZN6tflite3ops5micro11arg_min_max4EvalEP13TfLiteContextP10TfLiteNodeb
                0x00000000000213b8      0x6a4 gen/libtflm.a(arg_min_max.o)
                0x00000000000213b8                tflite::ops::micro::arg_min_max::Eval(TfLiteContext*, TfLiteNode*, bool)
 .text._ZN6tflite3ops5micro11arg_min_max10ArgMinEvalEP13TfLiteContextP10TfLiteNode
                0x0000000000021a5c        0x8 gen/libtflm.a(arg_min_max.o)
                0x0000000000021a5c                tflite::ops::micro::arg_min_max::ArgMinEval(TfLiteContext*, TfLiteNode*)
 .text._ZN6tflite3ops5micro11arg_min_max10ArgMaxEvalEP13TfLiteContextP10TfLiteNode
                0x0000000000021a64        0x8 gen/libtflm.a(arg_min_max.o)
                0x0000000000021a64                tflite::ops::micro::arg_min_max::ArgMaxEval(TfLiteContext*, TfLiteNode*)
 .text._ZN6tflite3ops5micro16Register_ARG_MAXEv
                0x0000000000021a6c       0x18 gen/libtflm.a(arg_min_max.o)
                0x0000000000021a6c                tflite::ops::micro::Register_ARG_MAX()
 .text._ZN6tflite3ops5micro16Register_ARG_MINEv
                0x0000000000021a84       0x18 gen/libtflm.a(arg_min_max.o)
                0x0000000000021a84                tflite::ops::micro::Register_ARG_MIN()
 .text._ZN6tflite12_GLOBAL__N_14EvalEP13TfLiteContextP10TfLiteNode
                0x0000000000021a9c       0x98 gen/libtflm.a(shape.o)
 .text._ZN6tflite12_GLOBAL__N_17PrepareEP13TfLiteContextP10TfLiteNode
                0x0000000000021b34       0x70 gen/libtflm.a(shape.o)
 .text._ZN6tflite14Register_SHAPEEv
                0x0000000000021ba4       0x20 gen/libtflm.a(shape.o)
                0x0000000000021ba4                tflite::Register_SHAPE()
 .text._ZN6tflite12_GLOBAL__N_17PrepareEP13TfLiteContextP10TfLiteNode
                0x0000000000021bc4      0x290 gen/libtflm.a(gather_nd.o)
 .text._ZN6tflite12_GLOBAL__N_14EvalEP13TfLiteContextP10TfLiteNode
                0x0000000000021e54      0x28c gen/libtflm.a(gather_nd.o)
 .text._ZN6tflite18Register_GATHER_NDEv
                0x00000000000220e0       0x20 gen/libtflm.a(gather_nd.o)
                0x00000000000220e0                tflite::Register_GATHER_ND()
 .text._ZN6tflite18CircularBufferInitEP13TfLiteContextPKcj
                0x0000000000022100       0x40 gen/libtflm.a(circular_buffer.o)
                0x0000000000022100                tflite::CircularBufferInit(TfLiteContext*, char const*, unsigned int)
 .text._ZN6tflite18CircularBufferEvalEP13TfLiteContextP10TfLiteNode
                0x0000000000022140       0x98 gen/libtflm.a(circular_buffer.o)
                0x0000000000022140                tflite::CircularBufferEval(TfLiteContext*, TfLiteNode*)
 .text._ZN6tflite24Register_CIRCULAR_BUFFEREv
                0x00000000000221d8        0x8 gen/libtflm.a(circular_buffer.o)
                0x00000000000221d8                tflite::Register_CIRCULAR_BUFFER()
 .text._ZN6tflite25BroadcastPrelu4DSlowFloatERKNS_12RuntimeShapeEPKfS2_S4_S2_Pf
                0x00000000000221e0      0x334 gen/libtflm.a(prelu_common.o)
                0x00000000000221e0                tflite::BroadcastPrelu4DSlowFloat(tflite::RuntimeShape const&, float const*, tflite::RuntimeShape const&, float const*, tflite::RuntimeShape const&, float*)
 .text._ZN6tflite12PreluPrepareEP13TfLiteContextP10TfLiteNode
                0x0000000000022514      0x164 gen/libtflm.a(prelu_common.o)
                0x0000000000022514                tflite::PreluPrepare(TfLiteContext*, TfLiteNode*)
 .text._ZN6tflite7SubInitEP13TfLiteContextPKcj
                0x0000000000022678        0x8 gen/libtflm.a(sub.o)
                0x0000000000022678                tflite::SubInit(TfLiteContext*, char const*, unsigned int)
 .text._ZN6tflite12Register_SUBEv
                0x0000000000022680       0x20 gen/libtflm.a(sub.o)
                0x0000000000022680                tflite::Register_SUB()
 .text._ZN6tflite13reference_ops21BroadcastQuantSubSlowIaLi5EEEvRKNS_16ArithmeticParamsERKNS_12RuntimeShapeEPKT_S7_SA_S7_PS8_
                0x00000000000226a0      0x808 gen/libtflm.a(sub.o)
                0x00000000000226a0                void tflite::reference_ops::BroadcastQuantSubSlow<signed char, 5>(tflite::ArithmeticParams const&, tflite::RuntimeShape const&, signed char const*, tflite::RuntimeShape const&, signed char const*, tflite::RuntimeShape const&, signed char*)
 .text._ZN6tflite13reference_ops21BroadcastQuantSubSlowIsLi5EEEvRKNS_16ArithmeticParamsERKNS_12RuntimeShapeEPKT_S7_SA_S7_PS8_
                0x0000000000022ea8      0x87c gen/libtflm.a(sub.o)
                0x0000000000022ea8                void tflite::reference_ops::BroadcastQuantSubSlow<short, 5>(tflite::ArithmeticParams const&, tflite::RuntimeShape const&, short const*, tflite::RuntimeShape const&, short const*, tflite::RuntimeShape const&, short*)
 .text._ZN6tflite16EvalSubQuantizedEP13TfLiteContextP10TfLiteNodeP15TfLiteSubParamsPKNS_9OpDataSubEPK16TfLiteEvalTensorSB_PS9_
                0x0000000000023724      0xab8 gen/libtflm.a(sub.o)
                0x0000000000023724                tflite::EvalSubQuantized(TfLiteContext*, TfLiteNode*, TfLiteSubParams*, tflite::OpDataSub const*, TfLiteEvalTensor const*, TfLiteEvalTensor const*, TfLiteEvalTensor*)
 .text._ZN6tflite15NDOpsHelperImplILi5ELi1EZNS_13reference_ops16BroadcastSubSlowILi5EEEvRKNS_16ArithmeticParamsERKNS_12RuntimeShapeEPKfS8_SA_S8_PfEUlPiE_EENSt9enable_ifIXneT0_miT_Li1EEvE4typeERKNS_11NdArrayDescIXT_EEERKT1_SC_
                0x00000000000241dc      0x25c gen/libtflm.a(sub.o)
                0x00000000000241dc                std::enable_if<(1)!=((5)-(1)), void>::type tflite::NDOpsHelperImpl<5, 1, tflite::reference_ops::BroadcastSubSlow<5>(tflite::ArithmeticParams const&, tflite::RuntimeShape const&, float const*, tflite::RuntimeShape const&, float const*, tflite::RuntimeShape const&, float*)::{lambda(int*)#1}>(tflite::NdArrayDesc<5> const&, tflite::reference_ops::BroadcastSubSlow<5>(tflite::ArithmeticParams const&, tflite::RuntimeShape const&, float const*, tflite::RuntimeShape const&, float const*, tflite::RuntimeShape const&, float*)::{lambda(int*)#1} const&, int*)
 .text._ZN6tflite7EvalSubEP13TfLiteContextP10TfLiteNodeP15TfLiteSubParamsPKNS_9OpDataSubEPK16TfLiteEvalTensorSB_PS9_
                0x0000000000024438      0x398 gen/libtflm.a(sub.o)
                0x0000000000024438                tflite::EvalSub(TfLiteContext*, TfLiteNode*, TfLiteSubParams*, tflite::OpDataSub const*, TfLiteEvalTensor const*, TfLiteEvalTensor const*, TfLiteEvalTensor*)
 .text._ZN6tflite7SubEvalEP13TfLiteContextP10TfLiteNode
                0x00000000000247d0       0x98 gen/libtflm.a(sub.o)
                0x00000000000247d0                tflite::SubEval(TfLiteContext*, TfLiteNode*)
 .text._ZN6tflite3ops5micro7reshape4EvalEP13TfLiteContextP10TfLiteNode
                0x0000000000024868       0x50 gen/libtflm.a(reshape.o)
                0x0000000000024868                tflite::ops::micro::reshape::Eval(TfLiteContext*, TfLiteNode*)
 .text._ZN6tflite3ops5micro7reshape13ReshapeOutputEP13TfLiteContextP10TfLiteNode
                0x00000000000248b8      0x1cc gen/libtflm.a(reshape.o)
                0x00000000000248b8                tflite::ops::micro::reshape::ReshapeOutput(TfLiteContext*, TfLiteNode*)
 .text._ZN6tflite3ops5micro7reshape7PrepareEP13TfLiteContextP10TfLiteNode
                0x0000000000024a84       0xa4 gen/libtflm.a(reshape.o)
                0x0000000000024a84                tflite::ops::micro::reshape::Prepare(TfLiteContext*, TfLiteNode*)